Mode=auto | market_open=False
[SIM 2025-10-03 12:46:00] close=254.16 action=HOLD reason=warmup pos=0
[SIM 2025-10-03 12:50:00] close=254.25 action=HOLD reason=warmup pos=0
[SIM 2025-10-03 13:30:00] close=254.98 action=HOLD reason=warmup pos=0
[SIM 2025-10-03 13:31:00] close=254.86 action=HOLD reason=warmup pos=0
[SIM 2025-10-03 13:32:00] close=255.57 action=HOLD reason=warmup pos=0
[SIM 2025-10-03 13:33:00] close=256.26 action=HOLD reason=warmup pos=0
[SIM 2025-10-03 13:34:00] close=256.62 action=HOLD reason=warmup pos=0
[SIM 2025-10-03 13:35:00] close=257.17 action=HOLD reason=warmup pos=0
[SIM 2025-10-03 13:36:00] close=257.38 action=HOLD reason=warmup pos=0
[SIM 2025-10-03 13:37:00] close=257.58 action=HOLD reason=warmup pos=0
[SIM 2025-10-03 13:38:00] close=258.12 action=HOLD reason=warmup pos=0
[SIM 2025-10-03 13:39:00] close=257.88 action=HOLD reason=warmup pos=0
[SIM 2025-10-03 13:40:00] close=257.90 action=HOLD reason=warmup pos=0
[SIM 2025-10-03 13:41:00] close=257.70 action=HOLD reason=warmup pos=0
[SIM 2025-10-03 13:42:00] close=257.62 action=HOLD reason=warmup pos=0
[SIM 2025-10-03 13:43:00] close=257.94 action=HOLD reason=warmup pos=0
[SIM 2025-10-03 13:44:00] close=257.88 action=HOLD reason=warmup pos=0
[SIM 2025-10-03 13:45:00] close=257.80 action=HOLD reason=warmup pos=0
[SIM 2025-10-03 13:46:00] close=257.95 action=HOLD reason=warmup pos=0
[SIM 2025-10-03 13:47:00] close=258.44 action=HOLD reason=warmup pos=0
[SIM 2025-10-03 13:48:00] close=258.44 action=HOLD reason=warmup pos=0
[SIM 2025-10-03 13:49:00] close=258.59 action=HOLD reason=warmup pos=0
[SIM 2025-10-03 13:50:00] close=258.45 action=HOLD reason=warmup pos=0
[SIM 2025-10-03 13:51:00] close=258.70 action=HOLD reason=warmup pos=0
[SIM 2025-10-03 13:52:00] close=258.79 action=HOLD reason=warmup pos=0
[SIM 2025-10-03 13:53:00] close=258.68 action=HOLD reason=warmup pos=0
[SIM 2025-10-03 13:54:00] close=259.00 action=HOLD reason=warmup pos=0
[SIM 2025-10-03 13:55:00] close=258.66 action=HOLD reason=warmup pos=0
[SIM 2025-10-03 13:56:00] close=258.45 action=HOLD reason=warmup pos=0
[SIM 2025-10-03 13:57:00] close=258.60 action=HOLD reason=warmup pos=0
[SIM 2025-10-03 13:58:00] close=258.34 action=HOLD reason=warmup pos=0
[SIM 2025-10-03 13:59:00] close=258.19 action=HOLD reason=warmup pos=0
[SIM 2025-10-03 14:00:00] close=258.15 action=HOLD reason=warmup pos=0
[SIM 2025-10-03 14:01:00] close=257.99 action=HOLD reason=warmup pos=0
[SIM 2025-10-03 14:02:00] close=257.37 action=HOLD reason=warmup pos=0
[SIM 2025-10-03 14:03:00] close=257.86 action=HOLD reason=warmup pos=0
[SIM 2025-10-03 14:04:00] close=258.09 action=HOLD reason=warmup pos=0
[SIM 2025-10-03 14:05:00] close=258.20 action=HOLD reason=warmup pos=0
[SIM 2025-10-03 14:06:00] close=258.42 action=HOLD reason=warmup pos=0
[SIM 2025-10-03 14:07:00] close=258.47 action=HOLD reason=warmup pos=0
[SIM 2025-10-03 14:08:00] close=258.30 action=HOLD reason=warmup pos=0
[SIM 2025-10-03 14:09:00] close=258.46 action=HOLD reason=warmup pos=0
[SIM 2025-10-03 14:10:00] close=258.67 action=HOLD reason=warmup pos=0
[SIM 2025-10-03 14:11:00] close=258.50 action=HOLD reason=warmup pos=0
[SIM 2025-10-03 14:12:00] close=258.68 action=HOLD reason=warmup pos=0
[SIM 2025-10-03 14:13:00] close=258.75 action=HOLD reason=warmup pos=0
[SIM 2025-10-03 14:14:00] close=258.61 action=HOLD reason=warmup pos=0
[SIM 2025-10-03 14:15:00] close=258.50 action=HOLD reason=warmup pos=0
[SIM 2025-10-03 14:16:00] close=258.56 action=HOLD reason=warmup pos=0
[SIM 2025-10-03 14:17:00] close=258.50 action=HOLD reason=confirming pos=0
[SIM 2025-10-03 14:18:00] close=258.29 action=HOLD reason=no_signal pos=0
[SIM 2025-10-03 14:19:00] close=258.41 action=HOLD reason=no_signal pos=0
[SIM 2025-10-03 14:20:00] close=258.30 action=HOLD reason=no_signal pos=0
[SIM 2025-10-03 14:21:00] close=258.62 action=HOLD reason=no_signal pos=0
[SIM 2025-10-03 14:22:00] close=258.37 action=HOLD reason=no_signal pos=0
[SIM 2025-10-03 14:23:00] close=258.12 action=HOLD reason=no_signal pos=0
[SIM 2025-10-03 14:24:00] close=258.11 action=HOLD reason=no_signal pos=0
[SIM 2025-10-03 14:25:00] close=258.25 action=HOLD reason=no_signal pos=0
[SIM 2025-10-03 14:26:00] close=258.37 action=HOLD reason=no_signal pos=0
[SIM 2025-10-03 14:27:00] close=258.08 action=HOLD reason=no_signal pos=0
[SIM 2025-10-03 14:28:00] close=258.25 action=HOLD reason=no_signal pos=0
[SIM 2025-10-03 14:29:00] close=257.86 action=HOLD reason=no_signal pos=0
[SIM 2025-10-03 14:30:00] close=257.87 action=HOLD reason=no_signal pos=0
[SIM 2025-10-03 14:31:00] close=258.02 action=HOLD reason=no_signal pos=0
[SIM 2025-10-03 14:32:00] close=257.72 action=HOLD reason=no_signal pos=0
[SIM 2025-10-03 14:33:00] close=257.70 action=HOLD reason=no_signal pos=0
[SIM 2025-10-03 14:34:00] close=257.94 action=HOLD reason=no_signal pos=0
[SIM 2025-10-03 14:35:00] close=258.06 action=HOLD reason=no_signal pos=0
[SIM 2025-10-03 14:36:00] close=257.99 action=HOLD reason=no_signal pos=0
[SIM 2025-10-03 14:37:00] close=258.15 action=HOLD reason=no_signal pos=0
[SIM 2025-10-03 14:38:00] close=258.19 action=HOLD reason=no_signal pos=0
[SIM 2025-10-03 14:39:00] close=258.20 action=HOLD reason=no_signal pos=0
[SIM 2025-10-03 14:40:00] close=258.48 action=HOLD reason=no_signal pos=0
[SIM 2025-10-03 14:41:00] close=258.56 action=HOLD reason=no_signal pos=0
[SIM 2025-10-03 14:42:00] close=258.64 action=HOLD reason=no_signal pos=0
[SIM 2025-10-03 14:43:00] close=258.46 action=HOLD reason=no_signal pos=0
[SIM 2025-10-03 14:44:00] close=258.31 action=HOLD reason=no_signal pos=0
[SIM 2025-10-03 14:45:00] close=258.28 action=HOLD reason=no_signal pos=0
[SIM 2025-10-03 14:46:00] close=258.31 action=HOLD reason=no_signal pos=0
[SIM 2025-10-03 14:47:00] close=258.30 action=HOLD reason=no_signal pos=0
[SIM 2025-10-03 14:48:00] close=258.08 action=HOLD reason=no_signal pos=0
[SIM 2025-10-03 14:49:00] close=258.10 action=HOLD reason=no_signal pos=0
[SIM 2025-10-03 14:50:00] close=258.16 action=HOLD reason=no_signal pos=0
[SIM 2025-10-03 14:51:00] close=258.32 action=HOLD reason=no_signal pos=0
[SIM 2025-10-03 14:52:00] close=258.04 action=HOLD reason=no_signal pos=0
[SIM 2025-10-03 14:53:00] close=258.14 action=HOLD reason=no_signal pos=0
[SIM 2025-10-03 14:54:00] close=258.32 action=HOLD reason=no_signal pos=0
[SIM 2025-10-03 14:55:00] close=258.34 action=HOLD reason=no_signal pos=0
[SIM 2025-10-03 14:56:00] close=258.32 action=HOLD reason=no_signal pos=0
[SIM 2025-10-03 14:57:00] close=258.23 action=HOLD reason=no_signal pos=0
[SIM 2025-10-03 14:58:00] close=258.29 action=HOLD reason=no_signal pos=0
[SIM 2025-10-03 14:59:00] close=258.16 action=HOLD reason=no_signal pos=0
[SIM 2025-10-03 15:00:00] close=258.14 action=HOLD reason=no_signal pos=0
[SIM 2025-10-03 15:01:00] close=258.08 action=HOLD reason=no_signal pos=0
[SIM 2025-10-03 15:02:00] close=258.04 action=HOLD reason=no_signal pos=0
[SIM 2025-10-03 15:03:00] close=258.00 action=HOLD reason=no_signal pos=0
[SIM 2025-10-03 15:04:00] close=258.07 action=HOLD reason=no_signal pos=0
[SIM 2025-10-03 15:05:00] close=258.13 action=HOLD reason=no_signal pos=0
[SIM 2025-10-03 15:06:00] close=258.35 action=HOLD reason=no_signal pos=0
[SIM 2025-10-03 15:07:00] close=258.31 action=HOLD reason=no_signal pos=0
[SIM 2025-10-03 15:08:00] close=258.21 action=HOLD reason=no_signal pos=0
[SIM 2025-10-03 15:09:00] close=258.25 action=HOLD reason=no_signal pos=0
[SIM 2025-10-03 15:10:00] close=258.21 action=HOLD reason=no_signal pos=0
[SIM 2025-10-03 15:11:00] close=258.12 action=HOLD reason=no_signal pos=0
[SIM 2025-10-03 15:12:00] close=258.21 action=HOLD reason=no_signal pos=0
[SIM 2025-10-03 15:13:00] close=258.25 action=HOLD reason=no_signal pos=0
[SIM 2025-10-03 15:14:00] close=258.39 action=HOLD reason=no_signal pos=0
[SIM 2025-10-03 15:15:00] close=258.40 action=HOLD reason=no_signal pos=0
[SIM 2025-10-03 15:16:00] close=258.41 action=HOLD reason=no_signal pos=0
[SIM 2025-10-03 15:17:00] close=258.53 action=HOLD reason=no_signal pos=0
[SIM 2025-10-03 15:18:00] close=258.39 action=HOLD reason=no_signal pos=0
[SIM 2025-10-03 15:19:00] close=258.31 action=HOLD reason=no_signal pos=0
[SIM 2025-10-03 15:20:00] close=258.31 action=HOLD reason=no_signal pos=0
[SIM 2025-10-03 15:21:00] close=258.48 action=HOLD reason=no_signal pos=0
[SIM 2025-10-03 15:22:00] close=258.46 action=HOLD reason=no_signal pos=0
[SIM 2025-10-03 15:23:00] close=258.58 action=HOLD reason=no_signal pos=0
[SIM 2025-10-03 15:24:00] close=258.65 action=HOLD reason=no_signal pos=0
[SIM 2025-10-03 15:25:00] close=258.71 action=HOLD reason=no_signal pos=0
[SIM 2025-10-03 15:26:00] close=258.69 action=HOLD reason=no_signal pos=0
[SIM 2025-10-03 15:27:00] close=258.52 action=HOLD reason=no_signal pos=0
[SIM 2025-10-03 15:28:00] close=258.42 action=HOLD reason=no_signal pos=0
[SIM 2025-10-03 15:29:00] close=258.48 action=HOLD reason=no_signal pos=0
[SIM 2025-10-03 15:30:00] close=258.55 action=HOLD reason=no_signal pos=0
[SIM 2025-10-03 15:31:00] close=258.64 action=HOLD reason=no_signal pos=0
[SIM 2025-10-03 15:32:00] close=258.73 action=HOLD reason=confirming pos=0
[SIM 2025-10-03 15:33:00] close=258.71 action=HOLD reason=no_signal pos=0
[SIM 2025-10-03 15:34:00] close=258.64 action=HOLD reason=no_signal pos=0
[SIM 2025-10-03 15:35:00] close=258.71 action=HOLD reason=no_signal pos=0
[SIM 2025-10-03 15:36:00] close=258.70 action=HOLD reason=no_signal pos=0
[SIM 2025-10-03 15:37:00] close=258.67 action=HOLD reason=confirming pos=0
[SIM 2025-10-03 15:38:00] close=258.80 action=HOLD reason=no_signal pos=0
[SIM 2025-10-03 15:39:00] close=258.84 action=HOLD reason=no_signal pos=0
[SIM 2025-10-03 15:40:00] close=258.81 action=HOLD reason=no_signal pos=0
[SIM 2025-10-03 15:41:00] close=259.12 action=HOLD reason=no_signal pos=0
[SIM 2025-10-03 15:42:00] close=258.80 action=HOLD reason=no_signal pos=0
[SIM 2025-10-03 15:43:00] close=258.82 action=HOLD reason=no_signal pos=0
[SIM 2025-10-03 15:44:00] close=258.77 action=HOLD reason=no_signal pos=0
[SIM 2025-10-03 15:45:00] close=258.50 action=HOLD reason=no_signal pos=0
[SIM 2025-10-03 15:46:00] close=258.60 action=HOLD reason=no_signal pos=0
[SIM 2025-10-03 15:47:00] close=258.50 action=HOLD reason=no_signal pos=0
[SIM 2025-10-03 15:48:00] close=258.38 action=HOLD reason=no_signal pos=0
[SIM 2025-10-03 15:49:00] close=258.50 action=HOLD reason=no_signal pos=0
[SIM 2025-10-03 15:50:00] close=258.48 action=HOLD reason=no_signal pos=0
[SIM 2025-10-03 15:51:00] close=258.56 action=HOLD reason=no_signal pos=0
[SIM 2025-10-03 15:52:00] close=258.36 action=HOLD reason=no_signal pos=0
[SIM 2025-10-03 15:53:00] close=258.35 action=HOLD reason=no_signal pos=0
[SIM 2025-10-03 15:54:00] close=258.42 action=HOLD reason=no_signal pos=0
[SIM 2025-10-03 15:55:00] close=258.34 action=HOLD reason=no_signal pos=0
[SIM 2025-10-03 15:56:00] close=258.45 action=HOLD reason=no_signal pos=0
[SIM 2025-10-03 15:57:00] close=258.46 action=HOLD reason=no_signal pos=0
[SIM 2025-10-03 15:58:00] close=258.32 action=HOLD reason=no_signal pos=0
[SIM 2025-10-03 15:59:00] close=258.40 action=HOLD reason=no_signal pos=0
[SIM 2025-10-03 16:00:00] close=258.32 action=HOLD reason=no_signal pos=0
[SIM 2025-10-03 16:01:00] close=258.42 action=HOLD reason=no_signal pos=0
[SIM 2025-10-03 16:02:00] close=258.33 action=HOLD reason=no_signal pos=0
[SIM 2025-10-03 16:03:00] close=258.33 action=HOLD reason=no_signal pos=0
[SIM 2025-10-03 16:04:00] close=258.35 action=HOLD reason=no_signal pos=0
[SIM 2025-10-03 16:05:00] close=258.33 action=HOLD reason=no_signal pos=0
[SIM 2025-10-03 16:06:00] close=258.50 action=HOLD reason=no_signal pos=0
[SIM 2025-10-03 16:07:00] close=258.56 action=HOLD reason=no_signal pos=0
[SIM 2025-10-03 16:08:00] close=258.49 action=HOLD reason=no_signal pos=0
[SIM 2025-10-03 16:09:00] close=258.49 action=HOLD reason=no_signal pos=0
[SIM 2025-10-03 16:10:00] close=258.49 action=HOLD reason=no_signal pos=0
[SIM 2025-10-03 16:11:00] close=258.50 action=HOLD reason=no_signal pos=0
[SIM 2025-10-03 16:12:00] close=258.43 action=HOLD reason=no_signal pos=0
[SIM 2025-10-03 16:13:00] close=258.48 action=HOLD reason=no_signal pos=0
[SIM 2025-10-03 16:14:00] close=258.35 action=HOLD reason=no_signal pos=0
[SIM 2025-10-03 16:15:00] close=258.65 action=HOLD reason=no_signal pos=0
[SIM 2025-10-03 16:16:00] close=258.73 action=HOLD reason=no_signal pos=0
[SIM 2025-10-03 16:17:00] close=258.82 action=HOLD reason=no_signal pos=0
[SIM 2025-10-03 16:18:00] close=258.79 action=HOLD reason=no_signal pos=0
[SIM 2025-10-03 16:19:00] close=258.75 action=HOLD reason=no_signal pos=0
[SIM 2025-10-03 16:20:00] close=258.71 action=HOLD reason=no_signal pos=0
[SIM 2025-10-03 16:21:00] close=258.73 action=HOLD reason=no_signal pos=0
[SIM 2025-10-03 16:22:00] close=258.65 action=HOLD reason=no_signal pos=0
[SIM 2025-10-03 16:23:00] close=258.55 action=HOLD reason=no_signal pos=0
[SIM 2025-10-03 16:24:00] close=258.48 action=HOLD reason=no_signal pos=0
[SIM 2025-10-03 16:25:00] close=258.36 action=HOLD reason=no_signal pos=0
[SIM 2025-10-03 16:26:00] close=258.49 action=HOLD reason=no_signal pos=0
[SIM 2025-10-03 16:27:00] close=258.44 action=HOLD reason=no_signal pos=0
[SIM 2025-10-03 16:28:00] close=258.48 action=HOLD reason=no_signal pos=0
[SIM 2025-10-03 16:29:00] close=258.55 action=HOLD reason=no_signal pos=0
[SIM 2025-10-03 16:30:00] close=258.58 action=HOLD reason=no_signal pos=0
[SIM 2025-10-03 16:31:00] close=258.51 action=HOLD reason=no_signal pos=0
[SIM 2025-10-03 16:32:00] close=258.54 action=HOLD reason=no_signal pos=0
[SIM 2025-10-03 16:33:00] close=258.52 action=HOLD reason=no_signal pos=0
[SIM 2025-10-03 16:34:00] close=258.55 action=HOLD reason=no_signal pos=0
[SIM 2025-10-03 16:35:00] close=258.50 action=HOLD reason=no_signal pos=0
[SIM 2025-10-03 16:36:00] close=258.21 action=HOLD reason=no_signal pos=0
[SIM 2025-10-03 16:37:00] close=258.32 action=HOLD reason=no_signal pos=0
[SIM 2025-10-03 16:38:00] close=258.40 action=HOLD reason=no_signal pos=0
[SIM 2025-10-03 16:39:00] close=258.40 action=HOLD reason=no_signal pos=0
[SIM 2025-10-03 16:40:00] close=258.34 action=HOLD reason=no_signal pos=0
[SIM 2025-10-03 16:41:00] close=258.45 action=HOLD reason=no_signal pos=0
[SIM 2025-10-03 16:42:00] close=258.52 action=HOLD reason=no_signal pos=0
[SIM 2025-10-03 16:43:00] close=258.59 action=HOLD reason=no_signal pos=0
[SIM 2025-10-03 16:44:00] close=258.60 action=HOLD reason=no_signal pos=0
[SIM 2025-10-03 16:45:00] close=258.61 action=HOLD reason=no_signal pos=0
[SIM 2025-10-03 16:46:00] close=258.59 action=HOLD reason=no_signal pos=0
[SIM 2025-10-03 16:47:00] close=258.59 action=HOLD reason=no_signal pos=0
[SIM 2025-10-03 16:48:00] close=258.59 action=HOLD reason=no_signal pos=0
[SIM 2025-10-03 16:49:00] close=258.62 action=HOLD reason=no_signal pos=0
[SIM 2025-10-03 16:50:00] close=258.68 action=HOLD reason=no_signal pos=0
[SIM 2025-10-03 16:51:00] close=258.81 action=HOLD reason=no_signal pos=0
[SIM 2025-10-03 16:52:00] close=258.81 action=HOLD reason=no_signal pos=0
[SIM 2025-10-03 16:53:00] close=258.77 action=HOLD reason=no_signal pos=0
[SIM 2025-10-03 16:54:00] close=258.90 action=HOLD reason=no_signal pos=0
[SIM 2025-10-03 16:55:00] close=258.88 action=HOLD reason=no_signal pos=0
[SIM 2025-10-03 16:56:00] close=258.81 action=HOLD reason=no_signal pos=0
[SIM 2025-10-03 16:57:00] close=258.86 action=HOLD reason=no_signal pos=0
[SIM 2025-10-03 16:58:00] close=258.85 action=HOLD reason=no_signal pos=0
[SIM 2025-10-03 16:59:00] close=258.80 action=HOLD reason=no_signal pos=0
[SIM 2025-10-03 17:00:00] close=258.64 action=HOLD reason=no_signal pos=0
[SIM 2025-10-03 17:01:00] close=258.47 action=HOLD reason=no_signal pos=0
[SIM 2025-10-03 17:02:00] close=258.54 action=HOLD reason=no_signal pos=0
[SIM 2025-10-03 17:03:00] close=258.51 action=HOLD reason=no_signal pos=0
[SIM 2025-10-03 17:04:00] close=258.35 action=HOLD reason=no_signal pos=0
[SIM 2025-10-03 17:05:00] close=258.16 action=HOLD reason=no_signal pos=0
[SIM 2025-10-03 17:06:00] close=258.24 action=HOLD reason=no_signal pos=0
[SIM 2025-10-03 17:07:00] close=258.49 action=HOLD reason=no_signal pos=0
[SIM 2025-10-03 17:08:00] close=258.32 action=HOLD reason=no_signal pos=0
[SIM 2025-10-03 17:09:00] close=258.40 action=HOLD reason=no_signal pos=0
[SIM 2025-10-03 17:10:00] close=258.45 action=HOLD reason=no_signal pos=0
[SIM 2025-10-03 17:11:00] close=258.53 action=HOLD reason=no_signal pos=0
[SIM 2025-10-03 17:12:00] close=258.63 action=HOLD reason=no_signal pos=0
[SIM 2025-10-03 17:13:00] close=258.60 action=HOLD reason=no_signal pos=0
[SIM 2025-10-03 17:14:00] close=258.51 action=HOLD reason=no_signal pos=0
[SIM 2025-10-03 17:15:00] close=258.45 action=HOLD reason=no_signal pos=0
[SIM 2025-10-03 17:16:00] close=258.54 action=HOLD reason=no_signal pos=0
[SIM 2025-10-03 17:17:00] close=258.41 action=HOLD reason=no_signal pos=0
[SIM 2025-10-03 17:18:00] close=258.41 action=HOLD reason=no_signal pos=0
[SIM 2025-10-03 17:19:00] close=258.38 action=HOLD reason=no_signal pos=0
[SIM 2025-10-03 17:20:00] close=258.42 action=HOLD reason=no_signal pos=0
[SIM 2025-10-03 17:21:00] close=258.36 action=HOLD reason=no_signal pos=0
[SIM 2025-10-03 17:22:00] close=258.54 action=HOLD reason=no_signal pos=0
[SIM 2025-10-03 17:23:00] close=258.47 action=HOLD reason=no_signal pos=0
[SIM 2025-10-03 17:24:00] close=258.41 action=HOLD reason=no_signal pos=0
[SIM 2025-10-03 17:25:00] close=258.34 action=HOLD reason=no_signal pos=0
[SIM 2025-10-03 17:26:00] close=258.35 action=HOLD reason=no_signal pos=0
[SIM 2025-10-03 17:27:00] close=258.32 action=HOLD reason=no_signal pos=0
[SIM 2025-10-03 17:28:00] close=258.31 action=HOLD reason=no_signal pos=0
[SIM 2025-10-03 17:29:00] close=258.31 action=HOLD reason=no_signal pos=0
[SIM 2025-10-03 17:30:00] close=258.17 action=HOLD reason=no_signal pos=0
[SIM 2025-10-03 17:31:00] close=258.22 action=HOLD reason=no_signal pos=0
[SIM 2025-10-03 17:32:00] close=258.18 action=HOLD reason=no_signal pos=0
[SIM 2025-10-03 17:33:00] close=258.15 action=HOLD reason=no_signal pos=0
[SIM 2025-10-03 17:34:00] close=258.02 action=HOLD reason=no_signal pos=0
[SIM 2025-10-03 17:35:00] close=258.09 action=HOLD reason=no_signal pos=0
[SIM 2025-10-03 17:36:00] close=258.00 action=HOLD reason=no_signal pos=0
[SIM 2025-10-03 17:37:00] close=257.97 action=HOLD reason=no_signal pos=0
[SIM 2025-10-03 17:38:00] close=258.18 action=HOLD reason=no_signal pos=0
[SIM 2025-10-03 17:39:00] close=258.15 action=HOLD reason=no_signal pos=0
[SIM 2025-10-03 17:40:00] close=258.08 action=HOLD reason=no_signal pos=0
[SIM 2025-10-03 17:41:00] close=258.04 action=HOLD reason=no_signal pos=0
[SIM 2025-10-03 17:42:00] close=257.95 action=HOLD reason=no_signal pos=0
[SIM 2025-10-03 17:43:00] close=257.93 action=HOLD reason=no_signal pos=0
[SIM 2025-10-03 17:44:00] close=257.81 action=HOLD reason=no_signal pos=0
[SIM 2025-10-03 17:45:00] close=257.69 action=HOLD reason=no_signal pos=0
[SIM 2025-10-03 17:46:00] close=257.54 action=HOLD reason=no_signal pos=0
[SIM 2025-10-03 17:47:00] close=257.59 action=HOLD reason=no_signal pos=0
[SIM 2025-10-03 17:48:00] close=257.61 action=HOLD reason=no_signal pos=0
[SIM 2025-10-03 17:49:00] close=257.52 action=HOLD reason=no_signal pos=0
[SIM 2025-10-03 17:50:00] close=257.54 action=HOLD reason=no_signal pos=0
[SIM 2025-10-03 17:51:00] close=257.19 action=HOLD reason=no_signal pos=0
[SIM 2025-10-03 17:52:00] close=257.29 action=HOLD reason=no_signal pos=0
[SIM 2025-10-03 17:53:00] close=257.26 action=HOLD reason=no_signal pos=0
[SIM 2025-10-03 17:54:00] close=257.14 action=HOLD reason=no_signal pos=0
[SIM 2025-10-03 17:55:00] close=257.69 action=HOLD reason=no_signal pos=0
[SIM 2025-10-03 17:56:00] close=257.53 action=HOLD reason=no_signal pos=0
[SIM 2025-10-03 17:57:00] close=257.36 action=HOLD reason=no_signal pos=0
[SIM 2025-10-03 17:58:00] close=257.36 action=HOLD reason=no_signal pos=0
[SIM 2025-10-03 17:59:00] close=257.45 action=HOLD reason=no_signal pos=0
[SIM 2025-10-03 18:00:00] close=257.31 action=HOLD reason=no_signal pos=0
[SIM 2025-10-03 18:01:00] close=257.46 action=HOLD reason=no_signal pos=0
[SIM 2025-10-03 18:02:00] close=257.27 action=HOLD reason=no_signal pos=0
[SIM 2025-10-03 18:03:00] close=257.24 action=HOLD reason=no_signal pos=0
[SIM 2025-10-03 18:04:00] close=257.16 action=HOLD reason=no_signal pos=0
[SIM 2025-10-03 18:05:00] close=257.19 action=HOLD reason=no_signal pos=0
[SIM 2025-10-03 18:06:00] close=257.14 action=HOLD reason=no_signal pos=0
[SIM 2025-10-03 18:07:00] close=257.27 action=HOLD reason=no_signal pos=0
[SIM 2025-10-03 18:08:00] close=257.24 action=HOLD reason=no_signal pos=0
[SIM 2025-10-03 18:09:00] close=257.13 action=HOLD reason=no_signal pos=0
[SIM 2025-10-03 18:10:00] close=257.23 action=HOLD reason=no_signal pos=0
[SIM 2025-10-03 18:11:00] close=257.41 action=HOLD reason=no_signal pos=0
[SIM 2025-10-03 18:12:00] close=257.39 action=HOLD reason=no_signal pos=0
[SIM 2025-10-03 18:13:00] close=257.49 action=HOLD reason=no_signal pos=0
[SIM 2025-10-03 18:14:00] close=257.59 action=HOLD reason=no_signal pos=0
[SIM 2025-10-03 18:15:00] close=257.61 action=HOLD reason=no_signal pos=0
[SIM 2025-10-03 18:16:00] close=257.63 action=HOLD reason=no_signal pos=0
[SIM 2025-10-03 18:17:00] close=257.67 action=HOLD reason=no_signal pos=0
[SIM 2025-10-03 18:18:00] close=257.65 action=HOLD reason=no_signal pos=0
[SIM 2025-10-03 18:19:00] close=257.81 action=HOLD reason=no_signal pos=0
[SIM 2025-10-03 18:20:00] close=257.88 action=HOLD reason=no_signal pos=0
[SIM 2025-10-03 18:21:00] close=257.93 action=HOLD reason=no_signal pos=0
[SIM 2025-10-03 18:22:00] close=258.01 action=HOLD reason=no_signal pos=0
[SIM 2025-10-03 18:23:00] close=258.00 action=HOLD reason=no_signal pos=0
[SIM 2025-10-03 18:24:00] close=258.20 action=HOLD reason=no_signal pos=0
[SIM 2025-10-03 18:25:00] close=258.30 action=HOLD reason=confirming pos=0
[SIM 2025-10-03 18:26:00] close=258.43 action=HOLD reason=no_signal pos=0
[SIM 2025-10-03 18:27:00] close=258.50 action=HOLD reason=no_signal pos=0
[SIM 2025-10-03 18:28:00] close=258.41 action=HOLD reason=no_signal pos=0
[SIM 2025-10-03 18:29:00] close=258.36 action=HOLD reason=no_signal pos=0
[SIM 2025-10-03 18:30:00] close=258.35 action=HOLD reason=no_signal pos=0
[SIM 2025-10-03 18:31:00] close=258.27 action=HOLD reason=no_signal pos=0
[SIM 2025-10-03 18:32:00] close=258.17 action=HOLD reason=no_signal pos=0
[SIM 2025-10-03 18:33:00] close=258.16 action=HOLD reason=no_signal pos=0
[SIM 2025-10-03 18:34:00] close=258.23 action=HOLD reason=no_signal pos=0
[SIM 2025-10-03 18:35:00] close=258.13 action=HOLD reason=no_signal pos=0
[SIM 2025-10-03 18:36:00] close=258.10 action=HOLD reason=no_signal pos=0
[SIM 2025-10-03 18:37:00] close=258.18 action=HOLD reason=no_signal pos=0
[SIM 2025-10-03 18:38:00] close=258.21 action=HOLD reason=no_signal pos=0
[SIM 2025-10-03 18:39:00] close=258.28 action=HOLD reason=no_signal pos=0
[SIM 2025-10-03 18:40:00] close=258.27 action=HOLD reason=no_signal pos=0
[SIM 2025-10-03 18:41:00] close=258.39 action=HOLD reason=no_signal pos=0
[SIM 2025-10-03 18:42:00] close=258.47 action=HOLD reason=no_signal pos=0
[SIM 2025-10-03 18:43:00] close=258.46 action=HOLD reason=no_signal pos=0
[SIM 2025-10-03 18:44:00] close=258.48 action=HOLD reason=no_signal pos=0
[SIM 2025-10-03 18:45:00] close=258.43 action=HOLD reason=no_signal pos=0
[SIM 2025-10-03 18:46:00] close=258.52 action=HOLD reason=no_signal pos=0
[SIM 2025-10-03 18:47:00] close=258.43 action=HOLD reason=no_signal pos=0
[SIM 2025-10-03 18:48:00] close=258.48 action=HOLD reason=no_signal pos=0
[SIM 2025-10-03 18:49:00] close=258.40 action=HOLD reason=no_signal pos=0
[SIM 2025-10-03 18:50:00] close=258.45 action=HOLD reason=no_signal pos=0
[SIM 2025-10-03 18:51:00] close=258.42 action=HOLD reason=no_signal pos=0
[SIM 2025-10-03 18:52:00] close=258.44 action=HOLD reason=no_signal pos=0
[SIM 2025-10-03 18:53:00] close=258.33 action=HOLD reason=no_signal pos=0
[SIM 2025-10-03 18:54:00] close=258.44 action=HOLD reason=no_signal pos=0
[SIM 2025-10-03 18:55:00] close=258.37 action=HOLD reason=no_signal pos=0
[SIM 2025-10-03 18:56:00] close=258.51 action=HOLD reason=no_signal pos=0
[SIM 2025-10-03 18:57:00] close=258.44 action=HOLD reason=no_signal pos=0
[SIM 2025-10-03 18:58:00] close=258.41 action=HOLD reason=no_signal pos=0
[SIM 2025-10-03 18:59:00] close=258.36 action=HOLD reason=no_signal pos=0
[SIM 2025-10-03 19:00:00] close=258.36 action=HOLD reason=no_signal pos=0
[SIM 2025-10-03 19:01:00] close=258.25 action=HOLD reason=no_signal pos=0
[SIM 2025-10-03 19:02:00] close=258.13 action=HOLD reason=no_signal pos=0
[SIM 2025-10-03 19:03:00] close=258.22 action=HOLD reason=no_signal pos=0
[SIM 2025-10-03 19:04:00] close=258.24 action=HOLD reason=no_signal pos=0
[SIM 2025-10-03 19:05:00] close=258.17 action=HOLD reason=no_signal pos=0
[SIM 2025-10-03 19:06:00] close=258.09 action=HOLD reason=no_signal pos=0
[SIM 2025-10-03 19:07:00] close=258.05 action=HOLD reason=no_signal pos=0
[SIM 2025-10-03 19:08:00] close=258.03 action=HOLD reason=no_signal pos=0
[SIM 2025-10-03 19:09:00] close=258.06 action=HOLD reason=no_signal pos=0
[SIM 2025-10-03 19:10:00] close=258.14 action=HOLD reason=no_signal pos=0
[SIM 2025-10-03 19:11:00] close=258.22 action=HOLD reason=no_signal pos=0
[SIM 2025-10-03 19:12:00] close=258.10 action=HOLD reason=no_signal pos=0
[SIM 2025-10-03 19:13:00] close=258.06 action=HOLD reason=no_signal pos=0
[SIM 2025-10-03 19:14:00] close=258.03 action=HOLD reason=no_signal pos=0
[SIM 2025-10-03 19:15:00] close=258.11 action=HOLD reason=no_signal pos=0
[SIM 2025-10-03 19:16:00] close=258.12 action=HOLD reason=no_signal pos=0
[SIM 2025-10-03 19:17:00] close=257.98 action=HOLD reason=no_signal pos=0
[SIM 2025-10-03 19:18:00] close=258.02 action=HOLD reason=no_signal pos=0
[SIM 2025-10-03 19:19:00] close=258.01 action=HOLD reason=no_signal pos=0
[SIM 2025-10-03 19:20:00] close=257.93 action=HOLD reason=no_signal pos=0
[SIM 2025-10-03 19:21:00] close=257.93 action=HOLD reason=no_signal pos=0
[SIM 2025-10-03 19:22:00] close=257.94 action=HOLD reason=no_signal pos=0
[SIM 2025-10-03 19:23:00] close=257.94 action=HOLD reason=no_signal pos=0
[SIM 2025-10-03 19:24:00] close=257.89 action=HOLD reason=no_signal pos=0
[SIM 2025-10-03 19:25:00] close=257.94 action=HOLD reason=no_signal pos=0
[SIM 2025-10-03 19:26:00] close=257.97 action=HOLD reason=no_signal pos=0
[SIM 2025-10-03 19:27:00] close=257.88 action=HOLD reason=no_signal pos=0
[SIM 2025-10-03 19:28:00] close=257.91 action=HOLD reason=no_signal pos=0
[SIM 2025-10-03 19:29:00] close=257.90 action=HOLD reason=no_signal pos=0
[SIM 2025-10-03 19:30:00] close=257.95 action=HOLD reason=no_signal pos=0
[SIM 2025-10-03 19:31:00] close=257.99 action=HOLD reason=no_signal pos=0
[SIM 2025-10-03 19:32:00] close=257.96 action=HOLD reason=no_signal pos=0
[SIM 2025-10-03 19:33:00] close=258.01 action=HOLD reason=no_signal pos=0
[SIM 2025-10-03 19:34:00] close=258.02 action=HOLD reason=no_signal pos=0
[SIM 2025-10-03 19:35:00] close=257.97 action=HOLD reason=no_signal pos=0
[SIM 2025-10-03 19:36:00] close=257.92 action=HOLD reason=no_signal pos=0
[SIM 2025-10-03 19:37:00] close=257.98 action=HOLD reason=no_signal pos=0
[SIM 2025-10-03 19:38:00] close=257.94 action=HOLD reason=no_signal pos=0
[SIM 2025-10-03 19:39:00] close=257.92 action=HOLD reason=no_signal pos=0
[SIM 2025-10-03 19:40:00] close=258.02 action=HOLD reason=no_signal pos=0
[SIM 2025-10-03 19:41:00] close=258.21 action=HOLD reason=no_signal pos=0
[SIM 2025-10-03 19:42:00] close=258.17 action=HOLD reason=no_signal pos=0
[SIM 2025-10-03 19:43:00] close=258.07 action=HOLD reason=no_signal pos=0
[SIM 2025-10-03 19:44:00] close=258.00 action=HOLD reason=no_signal pos=0
[SIM 2025-10-03 19:45:00] close=258.11 action=HOLD reason=no_signal pos=0
[SIM 2025-10-03 19:46:00] close=257.99 action=HOLD reason=no_signal pos=0
[SIM 2025-10-03 19:47:00] close=257.99 action=HOLD reason=no_signal pos=0
[SIM 2025-10-03 19:48:00] close=258.03 action=HOLD reason=no_signal pos=0
[SIM 2025-10-03 19:49:00] close=257.95 action=HOLD reason=no_signal pos=0
[SIM 2025-10-03 19:50:00] close=257.77 action=HOLD reason=no_signal pos=0
[SIM 2025-10-03 19:51:00] close=257.67 action=HOLD reason=no_signal pos=0
[SIM 2025-10-03 19:52:00] close=257.76 action=HOLD reason=no_signal pos=0
[SIM 2025-10-03 19:53:00] close=257.69 action=HOLD reason=no_signal pos=0
[SIM 2025-10-03 19:54:00] close=257.69 action=HOLD reason=no_signal pos=0
[SIM 2025-10-03 19:55:00] close=257.67 action=HOLD reason=no_signal pos=0
[SIM 2025-10-03 19:56:00] close=257.72 action=HOLD reason=no_signal pos=0
[SIM 2025-10-03 19:57:00] close=257.91 action=HOLD reason=no_signal pos=0
[SIM 2025-10-03 19:58:00] close=257.87 action=HOLD reason=no_signal pos=0
[SIM 2025-10-03 19:59:00] close=258.04 action=HOLD reason=no_signal pos=0
Simulation finished.
