Live trading on ORCL (paper=True) | SMA10/50 | feed=iex
ERROR: ('Connection aborted.', RemoteDisconnected('Remote end closed connection without response'))
ERROR: ('Connection aborted.', RemoteDisconnected('Remote end closed connection without response'))
ERROR: ('Connection aborted.', RemoteDisconnected('Remote end closed connection without response'))
ERROR: ('Connection aborted.', RemoteDisconnected('Remote end closed connection without response'))
ERROR: ('Connection aborted.', RemoteDisconnected('Remote end closed connection without response'))
ERROR: ('Connection aborted.', RemoteDisconnected('Remote end closed connection without response'))
ERROR: ('Connection aborted.', RemoteDisconnected('Remote end closed connection without response'))
ERROR: ('Connection aborted.', RemoteDisconnected('Remote end closed connection without response'))
ERROR: ('Connection aborted.', RemoteDisconnected('Remote end closed connection without response'))
ERROR: ('Connection aborted.', RemoteDisconnected('Remote end closed connection without response'))
ERROR: ('Connection aborted.', RemoteDisconnected('Remote end closed connection without response'))
ERROR: ('Connection aborted.', RemoteDisconnected('Remote end closed connection without response'))
ERROR: ('Connection aborted.', RemoteDisconnected('Remote end closed connection without response'))
ERROR: ('Connection aborted.', RemoteDisconnected('Remote end closed connection without response'))
ERROR: ('Connection aborted.', RemoteDisconnected('Remote end closed connection without response'))
ERROR: ('Connection aborted.', RemoteDisconnected('Remote end closed connection without response'))
ERROR: ('Connection aborted.', RemoteDisconnected('Remote end closed connection without response'))
ERROR: ('Connection aborted.', RemoteDisconnected('Remote end closed connection without response'))
ERROR: ('Connection aborted.', RemoteDisconnected('Remote end closed connection without response'))
ERROR: ('Connection aborted.', RemoteDisconnected('Remote end closed connection without response'))
ERROR: ('Connection aborted.', RemoteDisconnected('Remote end closed connection without response'))
ERROR: ('Connection aborted.', RemoteDisconnected('Remote end closed connection without response'))
ERROR: ('Connection aborted.', RemoteDisconnected('Remote end closed connection without response'))
ERROR: ('Connection aborted.', RemoteDisconnected('Remote end closed connection without response'))
ERROR: HTTPSConnectionPool(host='data.alpaca.markets', port=443): Max retries exceeded with url: /v2/stocks/bars?start=2025-10-03T16%3A35%3A36.855534%2B00%3A00&end=2025-10-03T18%3A35%3A36.855534%2B00%3A00&limit=500&timeframe=1Min&adjustment=raw&feed=iex&symbols=ORCL (Caused by NewConnectionError('<urllib3.connection.VerifiedHTTPSConnection object at 0x10a90f790>: Failed to establish a new connection: [Errno 8] nodename nor servname provided, or not known'))
ERROR: HTTPSConnectionPool(host='data.alpaca.markets', port=443): Max retries exceeded with url: /v2/stocks/bars?start=2025-10-03T18%3A11%3A05.401963%2B00%3A00&end=2025-10-03T20%3A11%3A05.401963%2B00%3A00&limit=500&timeframe=1Min&adjustment=raw&feed=iex&symbols=ORCL (Caused by NewConnectionError('<urllib3.connection.VerifiedHTTPSConnection object at 0x10a90fd90>: Failed to establish a new connection: [Errno 8] nodename nor servname provided, or not known'))
ERROR: ('Connection aborted.', RemoteDisconnected('Remote end closed connection without response'))
ERROR: ('Connection aborted.', RemoteDisconnected('Remote end closed connection without response'))
ERROR: ('Connection aborted.', RemoteDisconnected('Remote end closed connection without response'))
ERROR: HTTPSConnectionPool(host='data.alpaca.markets', port=443): Max retries exceeded with url: /v2/stocks/bars?start=2025-10-03T21%3A23%3A04.414938%2B00%3A00&end=2025-10-03T23%3A23%3A04.414938%2B00%3A00&limit=500&timeframe=1Min&adjustment=raw&feed=iex&symbols=ORCL (Caused by NewConnectionError('<urllib3.connection.VerifiedHTTPSConnection object at 0x10a957e10>: Failed to establish a new connection: [Errno 8] nodename nor servname provided, or not known'))
ERROR: ('Connection aborted.', RemoteDisconnected('Remote end closed connection without response'))
ERROR: ('Connection aborted.', RemoteDisconnected('Remote end closed connection without response'))
ERROR: ('Connection aborted.', RemoteDisconnected('Remote end closed connection without response'))
ERROR: ('Connection aborted.', RemoteDisconnected('Remote end closed connection without response'))
ERROR: ('Connection aborted.', RemoteDisconnected('Remote end closed connection without response'))
ERROR: ('Connection aborted.', RemoteDisconnected('Remote end closed connection without response'))
ERROR: ('Connection aborted.', RemoteDisconnected('Remote end closed connection without response'))
ERROR: ('Connection aborted.', RemoteDisconnected('Remote end closed connection without response'))
ERROR: ('Connection aborted.', RemoteDisconnected('Remote end closed connection without response'))
ERROR: ('Connection aborted.', RemoteDisconnected('Remote end closed connection without response'))
ERROR: ('Connection aborted.', RemoteDisconnected('Remote end closed connection without response'))
ERROR: ('Connection aborted.', RemoteDisconnected('Remote end closed connection without response'))
ERROR: ('Connection aborted.', RemoteDisconnected('Remote end closed connection without response'))
ERROR: ('Connection aborted.', RemoteDisconnected('Remote end closed connection without response'))
ERROR: ('Connection aborted.', RemoteDisconnected('Remote end closed connection without response'))
ERROR: ('Connection aborted.', RemoteDisconnected('Remote end closed connection without response'))
ERROR: ('Connection aborted.', RemoteDisconnected('Remote end closed connection without response'))
ERROR: ('Connection aborted.', RemoteDisconnected('Remote end closed connection without response'))
ERROR: ('Connection aborted.', RemoteDisconnected('Remote end closed connection without response'))
ERROR: ('Connection aborted.', RemoteDisconnected('Remote end closed connection without response'))
ERROR: ('Connection aborted.', RemoteDisconnected('Remote end closed connection without response'))
ERROR: ('Connection aborted.', RemoteDisconnected('Remote end closed connection without response'))
ERROR: ('Connection aborted.', RemoteDisconnected('Remote end closed connection without response'))
ERROR: ('Connection aborted.', RemoteDisconnected('Remote end closed connection without response'))
ERROR: ('Connection aborted.', RemoteDisconnected('Remote end closed connection without response'))
ERROR: ('Connection aborted.', RemoteDisconnected('Remote end closed connection without response'))
ERROR: ('Connection aborted.', RemoteDisconnected('Remote end closed connection without response'))
ERROR: ('Connection aborted.', RemoteDisconnected('Remote end closed connection without response'))
ERROR: ('Connection aborted.', RemoteDisconnected('Remote end closed connection without response'))
ERROR: ('Connection aborted.', RemoteDisconnected('Remote end closed connection without response'))
ERROR: ('Connection aborted.', RemoteDisconnected('Remote end closed connection without response'))
ERROR: ('Connection aborted.', RemoteDisconnected('Remote end closed connection without response'))
ERROR: ('Connection aborted.', RemoteDisconnected('Remote end closed connection without response'))
ERROR: ('Connection aborted.', RemoteDisconnected('Remote end closed connection without response'))
ERROR: ('Connection aborted.', RemoteDisconnected('Remote end closed connection without response'))
ERROR: ('Connection aborted.', RemoteDisconnected('Remote end closed connection without response'))
ERROR: ('Connection aborted.', RemoteDisconnected('Remote end closed connection without response'))
ERROR: ('Connection aborted.', RemoteDisconnected('Remote end closed connection without response'))
ERROR: ('Connection aborted.', RemoteDisconnected('Remote end closed connection without response'))
ERROR: ('Connection aborted.', RemoteDisconnected('Remote end closed connection without response'))
ERROR: ('Connection aborted.', RemoteDisconnected('Remote end closed connection without response'))
ERROR: ('Connection aborted.', RemoteDisconnected('Remote end closed connection without response'))
ERROR: ('Connection aborted.', RemoteDisconnected('Remote end closed connection without response'))
ERROR: ('Connection aborted.', RemoteDisconnected('Remote end closed connection without response'))
ERROR: ('Connection aborted.', RemoteDisconnected('Remote end closed connection without response'))
ERROR: ('Connection aborted.', RemoteDisconnected('Remote end closed connection without response'))
ERROR: ('Connection aborted.', RemoteDisconnected('Remote end closed connection without response'))
ERROR: ('Connection aborted.', RemoteDisconnected('Remote end closed connection without response'))
ERROR: ('Connection aborted.', RemoteDisconnected('Remote end closed connection without response'))
ERROR: ('Connection aborted.', RemoteDisconnected('Remote end closed connection without response'))
ERROR: ('Connection aborted.', RemoteDisconnected('Remote end closed connection without response'))
ERROR: ('Connection aborted.', RemoteDisconnected('Remote end closed connection without response'))
ERROR: ('Connection aborted.', RemoteDisconnected('Remote end closed connection without response'))
ERROR: ('Connection aborted.', RemoteDisconnected('Remote end closed connection without response'))
ERROR: ('Connection aborted.', RemoteDisconnected('Remote end closed connection without response'))
ERROR: ('Connection aborted.', RemoteDisconnected('Remote end closed connection without response'))
ERROR: ('Connection aborted.', RemoteDisconnected('Remote end closed connection without response'))
ERROR: ('Connection aborted.', RemoteDisconnected('Remote end closed connection without response'))
ERROR: ('Connection aborted.', RemoteDisconnected('Remote end closed connection without response'))
ERROR: ('Connection aborted.', RemoteDisconnected('Remote end closed connection without response'))
ERROR: ('Connection aborted.', RemoteDisconnected('Remote end closed connection without response'))
ERROR: ('Connection aborted.', RemoteDisconnected('Remote end closed connection without response'))
ERROR: ('Connection aborted.', RemoteDisconnected('Remote end closed connection without response'))
ERROR: Could not find a suitable TLS CA certificate bundle, invalid path: /Users/bytedance/Documents/Projects/AlpacaTradingAgent/.venv/lib/python3.11/site-packages/certifi/cacert.pem
ERROR: Could not find a suitable TLS CA certificate bundle, invalid path: /Users/bytedance/Documents/Projects/AlpacaTradingAgent/.venv/lib/python3.11/site-packages/certifi/cacert.pem
ERROR: Could not find a suitable TLS CA certificate bundle, invalid path: /Users/bytedance/Documents/Projects/AlpacaTradingAgent/.venv/lib/python3.11/site-packages/certifi/cacert.pem
ERROR: Could not find a suitable TLS CA certificate bundle, invalid path: /Users/bytedance/Documents/Projects/AlpacaTradingAgent/.venv/lib/python3.11/site-packages/certifi/cacert.pem
ERROR: Could not find a suitable TLS CA certificate bundle, invalid path: /Users/bytedance/Documents/Projects/AlpacaTradingAgent/.venv/lib/python3.11/site-packages/certifi/cacert.pem
ERROR: Could not find a suitable TLS CA certificate bundle, invalid path: /Users/bytedance/Documents/Projects/AlpacaTradingAgent/.venv/lib/python3.11/site-packages/certifi/cacert.pem
ERROR: Could not find a suitable TLS CA certificate bundle, invalid path: /Users/bytedance/Documents/Projects/AlpacaTradingAgent/.venv/lib/python3.11/site-packages/certifi/cacert.pem
ERROR: Could not find a suitable TLS CA certificate bundle, invalid path: /Users/bytedance/Documents/Projects/AlpacaTradingAgent/.venv/lib/python3.11/site-packages/certifi/cacert.pem
ERROR: Could not find a suitable TLS CA certificate bundle, invalid path: /Users/bytedance/Documents/Projects/AlpacaTradingAgent/.venv/lib/python3.11/site-packages/certifi/cacert.pem
ERROR: Could not find a suitable TLS CA certificate bundle, invalid path: /Users/bytedance/Documents/Projects/AlpacaTradingAgent/.venv/lib/python3.11/site-packages/certifi/cacert.pem
ERROR: Could not find a suitable TLS CA certificate bundle, invalid path: /Users/bytedance/Documents/Projects/AlpacaTradingAgent/.venv/lib/python3.11/site-packages/certifi/cacert.pem
ERROR: Could not find a suitable TLS CA certificate bundle, invalid path: /Users/bytedance/Documents/Projects/AlpacaTradingAgent/.venv/lib/python3.11/site-packages/certifi/cacert.pem
ERROR: Could not find a suitable TLS CA certificate bundle, invalid path: /Users/bytedance/Documents/Projects/AlpacaTradingAgent/.venv/lib/python3.11/site-packages/certifi/cacert.pem
ERROR: Could not find a suitable TLS CA certificate bundle, invalid path: /Users/bytedance/Documents/Projects/AlpacaTradingAgent/.venv/lib/python3.11/site-packages/certifi/cacert.pem
ERROR: Could not find a suitable TLS CA certificate bundle, invalid path: /Users/bytedance/Documents/Projects/AlpacaTradingAgent/.venv/lib/python3.11/site-packages/certifi/cacert.pem
ERROR: Could not find a suitable TLS CA certificate bundle, invalid path: /Users/bytedance/Documents/Projects/AlpacaTradingAgent/.venv/lib/python3.11/site-packages/certifi/cacert.pem
ERROR: Could not find a suitable TLS CA certificate bundle, invalid path: /Users/bytedance/Documents/Projects/AlpacaTradingAgent/.venv/lib/python3.11/site-packages/certifi/cacert.pem
ERROR: Could not find a suitable TLS CA certificate bundle, invalid path: /Users/bytedance/Documents/Projects/AlpacaTradingAgent/.venv/lib/python3.11/site-packages/certifi/cacert.pem
ERROR: Could not find a suitable TLS CA certificate bundle, invalid path: /Users/bytedance/Documents/Projects/AlpacaTradingAgent/.venv/lib/python3.11/site-packages/certifi/cacert.pem
ERROR: Could not find a suitable TLS CA certificate bundle, invalid path: /Users/bytedance/Documents/Projects/AlpacaTradingAgent/.venv/lib/python3.11/site-packages/certifi/cacert.pem
ERROR: Could not find a suitable TLS CA certificate bundle, invalid path: /Users/bytedance/Documents/Projects/AlpacaTradingAgent/.venv/lib/python3.11/site-packages/certifi/cacert.pem
ERROR: Could not find a suitable TLS CA certificate bundle, invalid path: /Users/bytedance/Documents/Projects/AlpacaTradingAgent/.venv/lib/python3.11/site-packages/certifi/cacert.pem
ERROR: Could not find a suitable TLS CA certificate bundle, invalid path: /Users/bytedance/Documents/Projects/AlpacaTradingAgent/.venv/lib/python3.11/site-packages/certifi/cacert.pem
ERROR: Could not find a suitable TLS CA certificate bundle, invalid path: /Users/bytedance/Documents/Projects/AlpacaTradingAgent/.venv/lib/python3.11/site-packages/certifi/cacert.pem
ERROR: Could not find a suitable TLS CA certificate bundle, invalid path: /Users/bytedance/Documents/Projects/AlpacaTradingAgent/.venv/lib/python3.11/site-packages/certifi/cacert.pem
ERROR: Could not find a suitable TLS CA certificate bundle, invalid path: /Users/bytedance/Documents/Projects/AlpacaTradingAgent/.venv/lib/python3.11/site-packages/certifi/cacert.pem
ERROR: Could not find a suitable TLS CA certificate bundle, invalid path: /Users/bytedance/Documents/Projects/AlpacaTradingAgent/.venv/lib/python3.11/site-packages/certifi/cacert.pem
ERROR: Could not find a suitable TLS CA certificate bundle, invalid path: /Users/bytedance/Documents/Projects/AlpacaTradingAgent/.venv/lib/python3.11/site-packages/certifi/cacert.pem
ERROR: Could not find a suitable TLS CA certificate bundle, invalid path: /Users/bytedance/Documents/Projects/AlpacaTradingAgent/.venv/lib/python3.11/site-packages/certifi/cacert.pem
ERROR: Could not find a suitable TLS CA certificate bundle, invalid path: /Users/bytedance/Documents/Projects/AlpacaTradingAgent/.venv/lib/python3.11/site-packages/certifi/cacert.pem
ERROR: Could not find a suitable TLS CA certificate bundle, invalid path: /Users/bytedance/Documents/Projects/AlpacaTradingAgent/.venv/lib/python3.11/site-packages/certifi/cacert.pem
ERROR: Could not find a suitable TLS CA certificate bundle, invalid path: /Users/bytedance/Documents/Projects/AlpacaTradingAgent/.venv/lib/python3.11/site-packages/certifi/cacert.pem
ERROR: Could not find a suitable TLS CA certificate bundle, invalid path: /Users/bytedance/Documents/Projects/AlpacaTradingAgent/.venv/lib/python3.11/site-packages/certifi/cacert.pem
ERROR: Could not find a suitable TLS CA certificate bundle, invalid path: /Users/bytedance/Documents/Projects/AlpacaTradingAgent/.venv/lib/python3.11/site-packages/certifi/cacert.pem
ERROR: Could not find a suitable TLS CA certificate bundle, invalid path: /Users/bytedance/Documents/Projects/AlpacaTradingAgent/.venv/lib/python3.11/site-packages/certifi/cacert.pem
ERROR: Could not find a suitable TLS CA certificate bundle, invalid path: /Users/bytedance/Documents/Projects/AlpacaTradingAgent/.venv/lib/python3.11/site-packages/certifi/cacert.pem
ERROR: Could not find a suitable TLS CA certificate bundle, invalid path: /Users/bytedance/Documents/Projects/AlpacaTradingAgent/.venv/lib/python3.11/site-packages/certifi/cacert.pem
ERROR: Could not find a suitable TLS CA certificate bundle, invalid path: /Users/bytedance/Documents/Projects/AlpacaTradingAgent/.venv/lib/python3.11/site-packages/certifi/cacert.pem
ERROR: ('Connection aborted.', RemoteDisconnected('Remote end closed connection without response'))
ERROR: ('Connection aborted.', RemoteDisconnected('Remote end closed connection without response'))
ERROR: ('Connection aborted.', RemoteDisconnected('Remote end closed connection without response'))
ERROR: ('Connection aborted.', RemoteDisconnected('Remote end closed connection without response'))
ERROR: ('Connection aborted.', RemoteDisconnected('Remote end closed connection without response'))
ERROR: ('Connection aborted.', RemoteDisconnected('Remote end closed connection without response'))
ERROR: ('Connection aborted.', RemoteDisconnected('Remote end closed connection without response'))
ERROR: ('Connection aborted.', RemoteDisconnected('Remote end closed connection without response'))
ERROR: ('Connection aborted.', RemoteDisconnected('Remote end closed connection without response'))
ERROR: ('Connection aborted.', RemoteDisconnected('Remote end closed connection without response'))
ERROR: ('Connection aborted.', RemoteDisconnected('Remote end closed connection without response'))
ERROR: ('Connection aborted.', RemoteDisconnected('Remote end closed connection without response'))
ERROR: ('Connection aborted.', RemoteDisconnected('Remote end closed connection without response'))
ERROR: HTTPSConnectionPool(host='data.alpaca.markets', port=443): Max retries exceeded with url: /v2/stocks/bars?start=2025-10-05T08%3A13%3A47.036961%2B00%3A00&end=2025-10-05T10%3A13%3A47.036961%2B00%3A00&limit=500&timeframe=1Min&adjustment=raw&feed=iex&symbols=ORCL (Caused by NewConnectionError('<urllib3.connection.VerifiedHTTPSConnection object at 0x10a954090>: Failed to establish a new connection: [Errno 8] nodename nor servname provided, or not known'))
ERROR: ('Connection aborted.', RemoteDisconnected('Remote end closed connection without response'))
ERROR: ('Connection aborted.', RemoteDisconnected('Remote end closed connection without response'))
ERROR: ('Connection aborted.', RemoteDisconnected('Remote end closed connection without response'))
ERROR: ('Connection aborted.', RemoteDisconnected('Remote end closed connection without response'))
ERROR: ('Connection aborted.', RemoteDisconnected('Remote end closed connection without response'))
ERROR: ('Connection aborted.', RemoteDisconnected('Remote end closed connection without response'))
ERROR: ('Connection aborted.', RemoteDisconnected('Remote end closed connection without response'))
ERROR: ('Connection aborted.', RemoteDisconnected('Remote end closed connection without response'))
ERROR: ('Connection aborted.', RemoteDisconnected('Remote end closed connection without response'))
ERROR: ('Connection aborted.', RemoteDisconnected('Remote end closed connection without response'))
ERROR: ('Connection aborted.', RemoteDisconnected('Remote end closed connection without response'))
ERROR: ('Connection aborted.', RemoteDisconnected('Remote end closed connection without response'))
ERROR: ('Connection aborted.', RemoteDisconnected('Remote end closed connection without response'))
ERROR: ('Connection aborted.', RemoteDisconnected('Remote end closed connection without response'))
ERROR: ('Connection aborted.', RemoteDisconnected('Remote end closed connection without response'))
ERROR: ('Connection aborted.', RemoteDisconnected('Remote end closed connection without response'))
ERROR: ('Connection aborted.', RemoteDisconnected('Remote end closed connection without response'))
ERROR: ('Connection aborted.', RemoteDisconnected('Remote end closed connection without response'))
ERROR: ('Connection aborted.', RemoteDisconnected('Remote end closed connection without response'))
ERROR: ('Connection aborted.', RemoteDisconnected('Remote end closed connection without response'))
ERROR: ('Connection aborted.', RemoteDisconnected('Remote end closed connection without response'))
ERROR: ('Connection aborted.', RemoteDisconnected('Remote end closed connection without response'))
ERROR: ('Connection aborted.', RemoteDisconnected('Remote end closed connection without response'))
ERROR: ('Connection aborted.', RemoteDisconnected('Remote end closed connection without response'))
ERROR: ('Connection aborted.', RemoteDisconnected('Remote end closed connection without response'))
ERROR: ('Connection aborted.', RemoteDisconnected('Remote end closed connection without response'))
ERROR: ('Connection aborted.', RemoteDisconnected('Remote end closed connection without response'))
ERROR: ('Connection aborted.', RemoteDisconnected('Remote end closed connection without response'))
ERROR: ('Connection aborted.', RemoteDisconnected('Remote end closed connection without response'))
ERROR: ('Connection aborted.', RemoteDisconnected('Remote end closed connection without response'))
ERROR: ('Connection aborted.', RemoteDisconnected('Remote end closed connection without response'))
ERROR: ('Connection aborted.', RemoteDisconnected('Remote end closed connection without response'))
ERROR: ('Connection aborted.', RemoteDisconnected('Remote end closed connection without response'))
ERROR: ('Connection aborted.', RemoteDisconnected('Remote end closed connection without response'))
ERROR: ('Connection aborted.', RemoteDisconnected('Remote end closed connection without response'))
ERROR: ('Connection aborted.', RemoteDisconnected('Remote end closed connection without response'))
ERROR: ('Connection aborted.', RemoteDisconnected('Remote end closed connection without response'))
ERROR: ('Connection aborted.', RemoteDisconnected('Remote end closed connection without response'))
ERROR: ('Connection aborted.', RemoteDisconnected('Remote end closed connection without response'))
ERROR: ('Connection aborted.', RemoteDisconnected('Remote end closed connection without response'))
ERROR: ('Connection aborted.', RemoteDisconnected('Remote end closed connection without response'))
ERROR: ('Connection aborted.', RemoteDisconnected('Remote end closed connection without response'))
ERROR: ('Connection aborted.', RemoteDisconnected('Remote end closed connection without response'))
ERROR: ('Connection aborted.', RemoteDisconnected('Remote end closed connection without response'))
ERROR: ('Connection aborted.', RemoteDisconnected('Remote end closed connection without response'))
ERROR: ('Connection aborted.', RemoteDisconnected('Remote end closed connection without response'))
ERROR: ('Connection aborted.', RemoteDisconnected('Remote end closed connection without response'))
ERROR: ('Connection aborted.', RemoteDisconnected('Remote end closed connection without response'))
ERROR: ('Connection aborted.', RemoteDisconnected('Remote end closed connection without response'))
ERROR: ('Connection aborted.', RemoteDisconnected('Remote end closed connection without response'))
ERROR: ('Connection aborted.', RemoteDisconnected('Remote end closed connection without response'))
ERROR: ('Connection aborted.', RemoteDisconnected('Remote end closed connection without response'))
ERROR: ('Connection aborted.', RemoteDisconnected('Remote end closed connection without response'))
ERROR: ('Connection aborted.', RemoteDisconnected('Remote end closed connection without response'))
ERROR: ('Connection aborted.', RemoteDisconnected('Remote end closed connection without response'))
ERROR: ('Connection aborted.', RemoteDisconnected('Remote end closed connection without response'))
ERROR: ('Connection aborted.', RemoteDisconnected('Remote end closed connection without response'))
ERROR: ('Connection aborted.', RemoteDisconnected('Remote end closed connection without response'))
ERROR: ('Connection aborted.', RemoteDisconnected('Remote end closed connection without response'))
ERROR: ('Connection aborted.', RemoteDisconnected('Remote end closed connection without response'))
ERROR: ('Connection aborted.', RemoteDisconnected('Remote end closed connection without response'))
ERROR: ('Connection aborted.', RemoteDisconnected('Remote end closed connection without response'))
ERROR: ('Connection aborted.', RemoteDisconnected('Remote end closed connection without response'))
ERROR: ('Connection aborted.', RemoteDisconnected('Remote end closed connection without response'))
ERROR: ('Connection aborted.', RemoteDisconnected('Remote end closed connection without response'))
ERROR: ('Connection aborted.', RemoteDisconnected('Remote end closed connection without response'))
ERROR: ('Connection aborted.', RemoteDisconnected('Remote end closed connection without response'))
ERROR: ('Connection aborted.', RemoteDisconnected('Remote end closed connection without response'))
ERROR: ('Connection aborted.', RemoteDisconnected('Remote end closed connection without response'))
ERROR: ('Connection aborted.', RemoteDisconnected('Remote end closed connection without response'))
ERROR: ('Connection aborted.', RemoteDisconnected('Remote end closed connection without response'))
ERROR: ('Connection aborted.', RemoteDisconnected('Remote end closed connection without response'))
ERROR: ('Connection aborted.', RemoteDisconnected('Remote end closed connection without response'))
ERROR: ('Connection aborted.', RemoteDisconnected('Remote end closed connection without response'))
ERROR: ('Connection aborted.', RemoteDisconnected('Remote end closed connection without response'))
ERROR: ('Connection aborted.', RemoteDisconnected('Remote end closed connection without response'))
ERROR: ('Connection aborted.', RemoteDisconnected('Remote end closed connection without response'))
ERROR: ('Connection aborted.', RemoteDisconnected('Remote end closed connection without response'))
ERROR: ('Connection aborted.', RemoteDisconnected('Remote end closed connection without response'))
ERROR: ('Connection aborted.', RemoteDisconnected('Remote end closed connection without response'))
ERROR: ('Connection aborted.', RemoteDisconnected('Remote end closed connection without response'))
ERROR: ('Connection aborted.', RemoteDisconnected('Remote end closed connection without response'))
ERROR: ('Connection aborted.', RemoteDisconnected('Remote end closed connection without response'))
ERROR: ('Connection aborted.', RemoteDisconnected('Remote end closed connection without response'))
ERROR: ('Connection aborted.', RemoteDisconnected('Remote end closed connection without response'))
ERROR: ('Connection aborted.', RemoteDisconnected('Remote end closed connection without response'))
ERROR: ('Connection aborted.', RemoteDisconnected('Remote end closed connection without response'))
ERROR: ('Connection aborted.', RemoteDisconnected('Remote end closed connection without response'))
ERROR: ('Connection aborted.', RemoteDisconnected('Remote end closed connection without response'))
ERROR: ('Connection aborted.', RemoteDisconnected('Remote end closed connection without response'))
ERROR: ('Connection aborted.', RemoteDisconnected('Remote end closed connection without response'))
ERROR: ('Connection aborted.', RemoteDisconnected('Remote end closed connection without response'))
ERROR: ('Connection aborted.', RemoteDisconnected('Remote end closed connection without response'))
BUY 50 ORCL
ERROR: ('Connection aborted.', RemoteDisconnected('Remote end closed connection without response'))
ERROR: ('Connection aborted.', RemoteDisconnected('Remote end closed connection without response'))
ERROR: ('Connection aborted.', RemoteDisconnected('Remote end closed connection without response'))
ERROR: ('Connection aborted.', RemoteDisconnected('Remote end closed connection without response'))
ERROR: ('Connection aborted.', RemoteDisconnected('Remote end closed connection without response'))
ERROR: ('Connection aborted.', RemoteDisconnected('Remote end closed connection without response'))
ERROR: ('Connection aborted.', RemoteDisconnected('Remote end closed connection without response'))
ERROR: ('Connection aborted.', RemoteDisconnected('Remote end closed connection without response'))
ERROR: ('Connection aborted.', RemoteDisconnected('Remote end closed connection without response'))
ERROR: ('Connection aborted.', RemoteDisconnected('Remote end closed connection without response'))
ERROR: ('Connection aborted.', RemoteDisconnected('Remote end closed connection without response'))
ERROR: ('Connection aborted.', RemoteDisconnected('Remote end closed connection without response'))
ERROR: ('Connection aborted.', RemoteDisconnected('Remote end closed connection without response'))
ERROR: ('Connection aborted.', RemoteDisconnected('Remote end closed connection without response'))
ERROR: ('Connection aborted.', RemoteDisconnected('Remote end closed connection without response'))
ERROR: ('Connection aborted.', RemoteDisconnected('Remote end closed connection without response'))
ERROR: ('Connection aborted.', RemoteDisconnected('Remote end closed connection without response'))
ERROR: ('Connection aborted.', RemoteDisconnected('Remote end closed connection without response'))
ERROR: ('Connection aborted.', RemoteDisconnected('Remote end closed connection without response'))
ERROR: ('Connection aborted.', RemoteDisconnected('Remote end closed connection without response'))
ERROR: ('Connection aborted.', RemoteDisconnected('Remote end closed connection without response'))
ERROR: ('Connection aborted.', RemoteDisconnected('Remote end closed connection without response'))
ERROR: ('Connection aborted.', RemoteDisconnected('Remote end closed connection without response'))
ERROR: ('Connection aborted.', RemoteDisconnected('Remote end closed connection without response'))
ERROR: ('Connection aborted.', RemoteDisconnected('Remote end closed connection without response'))
ERROR: ('Connection aborted.', RemoteDisconnected('Remote end closed connection without response'))
ERROR: ('Connection aborted.', RemoteDisconnected('Remote end closed connection without response'))
ERROR: ('Connection aborted.', RemoteDisconnected('Remote end closed connection without response'))
ERROR: ('Connection aborted.', RemoteDisconnected('Remote end closed connection without response'))
ERROR: ('Connection aborted.', RemoteDisconnected('Remote end closed connection without response'))
ERROR: ('Connection aborted.', RemoteDisconnected('Remote end closed connection without response'))
ERROR: ('Connection aborted.', RemoteDisconnected('Remote end closed connection without response'))
ERROR: ('Connection aborted.', RemoteDisconnected('Remote end closed connection without response'))
ERROR: ('Connection aborted.', RemoteDisconnected('Remote end closed connection without response'))
ERROR: HTTPSConnectionPool(host='data.alpaca.markets', port=443): Max retries exceeded with url: /v2/stocks/bars?start=2025-10-07T15%3A16%3A52.553877%2B00%3A00&end=2025-10-07T17%3A16%3A52.553877%2B00%3A00&limit=500&timeframe=1Min&adjustment=raw&feed=iex&symbols=ORCL (Caused by ConnectTimeoutError(<urllib3.connection.VerifiedHTTPSConnection object at 0x10a94d5d0>, 'Connection to data.alpaca.markets timed out. (connect timeout=None)'))
ERROR: ('Connection aborted.', RemoteDisconnected('Remote end closed connection without response'))
ERROR: ('Connection aborted.', RemoteDisconnected('Remote end closed connection without response'))
ERROR: ('Connection aborted.', RemoteDisconnected('Remote end closed connection without response'))
ERROR: ('Connection aborted.', RemoteDisconnected('Remote end closed connection without response'))
ERROR: ('Connection aborted.', RemoteDisconnected('Remote end closed connection without response'))
ERROR: ('Connection aborted.', RemoteDisconnected('Remote end closed connection without response'))
ERROR: {"message":"Internal Server Error"}
