Live trading on AAPL (paper=True) | SMA10/50 | feed=iex
ERROR: ('Connection aborted.', RemoteDisconnected('Remote end closed connection without response'))
ERROR: ('Connection aborted.', RemoteDisconnected('Remote end closed connection without response'))
ERROR: ('Connection aborted.', RemoteDisconnected('Remote end closed connection without response'))
ERROR: ('Connection aborted.', RemoteDisconnected('Remote end closed connection without response'))
ERROR: ('Connection aborted.', RemoteDisconnected('Remote end closed connection without response'))
ERROR: ('Connection aborted.', RemoteDisconnected('Remote end closed connection without response'))
ERROR: ('Connection aborted.', RemoteDisconnected('Remote end closed connection without response'))
ERROR: ('Connection aborted.', RemoteDisconnected('Remote end closed connection without response'))
ERROR: ('Connection aborted.', RemoteDisconnected('Remote end closed connection without response'))
ERROR: ('Connection aborted.', RemoteDisconnected('Remote end closed connection without response'))
ERROR: ('Connection aborted.', RemoteDisconnected('Remote end closed connection without response'))
ERROR: ('Connection aborted.', RemoteDisconnected('Remote end closed connection without response'))
ERROR: ('Connection aborted.', RemoteDisconnected('Remote end closed connection without response'))
ERROR: ('Connection aborted.', RemoteDisconnected('Remote end closed connection without response'))
ERROR: ('Connection aborted.', RemoteDisconnected('Remote end closed connection without response'))
ERROR: ('Connection aborted.', RemoteDisconnected('Remote end closed connection without response'))
ERROR: ('Connection aborted.', RemoteDisconnected('Remote end closed connection without response'))
ERROR: ('Connection aborted.', RemoteDisconnected('Remote end closed connection without response'))
ERROR: ('Connection aborted.', RemoteDisconnected('Remote end closed connection without response'))
ERROR: ('Connection aborted.', RemoteDisconnected('Remote end closed connection without response'))
ERROR: ('Connection aborted.', RemoteDisconnected('Remote end closed connection without response'))
ERROR: ('Connection aborted.', RemoteDisconnected('Remote end closed connection without response'))
ERROR: ('Connection aborted.', RemoteDisconnected('Remote end closed connection without response'))
ERROR: ('Connection aborted.', RemoteDisconnected('Remote end closed connection without response'))
ERROR: ('Connection aborted.', RemoteDisconnected('Remote end closed connection without response'))
ERROR: ('Connection aborted.', RemoteDisconnected('Remote end closed connection without response'))
ERROR: ('Connection aborted.', RemoteDisconnected('Remote end closed connection without response'))
ERROR: ('Connection aborted.', RemoteDisconnected('Remote end closed connection without response'))
ERROR: ('Connection aborted.', RemoteDisconnected('Remote end closed connection without response'))
ERROR: ('Connection aborted.', RemoteDisconnected('Remote end closed connection without response'))
ERROR: ('Connection aborted.', RemoteDisconnected('Remote end closed connection without response'))
ERROR: ('Connection aborted.', RemoteDisconnected('Remote end closed connection without response'))
ERROR: ('Connection aborted.', RemoteDisconnected('Remote end closed connection without response'))
ERROR: ('Connection aborted.', RemoteDisconnected('Remote end closed connection without response'))
ERROR: ('Connection aborted.', RemoteDisconnected('Remote end closed connection without response'))
ERROR: HTTPSConnectionPool(host='data.alpaca.markets', port=443): Max retries exceeded with url: /v2/stocks/bars?start=2025-10-03T16%3A35%3A35.054707%2B00%3A00&end=2025-10-03T18%3A35%3A35.054707%2B00%3A00&limit=500&timeframe=1Min&adjustment=raw&feed=iex&symbols=AAPL (Caused by NewConnectionError('<urllib3.connection.VerifiedHTTPSConnection object at 0x12310d290>: Failed to establish a new connection: [Errno 8] nodename nor servname provided, or not known'))
ERROR: HTTPSConnectionPool(host='data.alpaca.markets', port=443): Max retries exceeded with url: /v2/stocks/bars?start=2025-10-03T17%3A53%3A29.985966%2B00%3A00&end=2025-10-03T19%3A53%3A29.985966%2B00%3A00&limit=500&timeframe=1Min&adjustment=raw&feed=iex&symbols=AAPL (Caused by NewConnectionError('<urllib3.connection.VerifiedHTTPSConnection object at 0x12310fdd0>: Failed to establish a new connection: [Errno 8] nodename nor servname provided, or not known'))
ERROR: ('Connection aborted.', RemoteDisconnected('Remote end closed connection without response'))
ERROR: ('Connection aborted.', RemoteDisconnected('Remote end closed connection without response'))
ERROR: ('Connection aborted.', RemoteDisconnected('Remote end closed connection without response'))
ERROR: ('Connection aborted.', RemoteDisconnected('Remote end closed connection without response'))
ERROR: ('Connection aborted.', RemoteDisconnected('Remote end closed connection without response'))
ERROR: ('Connection aborted.', RemoteDisconnected('Remote end closed connection without response'))
ERROR: ('Connection aborted.', RemoteDisconnected('Remote end closed connection without response'))
ERROR: ('Connection aborted.', RemoteDisconnected('Remote end closed connection without response'))
ERROR: ('Connection aborted.', RemoteDisconnected('Remote end closed connection without response'))
ERROR: ('Connection aborted.', RemoteDisconnected('Remote end closed connection without response'))
ERROR: ('Connection aborted.', RemoteDisconnected('Remote end closed connection without response'))
ERROR: ('Connection aborted.', RemoteDisconnected('Remote end closed connection without response'))
ERROR: ('Connection aborted.', RemoteDisconnected('Remote end closed connection without response'))
ERROR: ('Connection aborted.', RemoteDisconnected('Remote end closed connection without response'))
ERROR: ('Connection aborted.', RemoteDisconnected('Remote end closed connection without response'))
ERROR: ('Connection aborted.', RemoteDisconnected('Remote end closed connection without response'))
ERROR: ('Connection aborted.', RemoteDisconnected('Remote end closed connection without response'))
ERROR: ('Connection aborted.', RemoteDisconnected('Remote end closed connection without response'))
ERROR: ('Connection aborted.', RemoteDisconnected('Remote end closed connection without response'))
ERROR: ('Connection aborted.', RemoteDisconnected('Remote end closed connection without response'))
ERROR: ('Connection aborted.', RemoteDisconnected('Remote end closed connection without response'))
ERROR: ('Connection aborted.', RemoteDisconnected('Remote end closed connection without response'))
ERROR: ('Connection aborted.', RemoteDisconnected('Remote end closed connection without response'))
ERROR: ('Connection aborted.', RemoteDisconnected('Remote end closed connection without response'))
ERROR: ('Connection aborted.', RemoteDisconnected('Remote end closed connection without response'))
ERROR: ('Connection aborted.', RemoteDisconnected('Remote end closed connection without response'))
ERROR: ('Connection aborted.', RemoteDisconnected('Remote end closed connection without response'))
ERROR: ('Connection aborted.', RemoteDisconnected('Remote end closed connection without response'))
ERROR: ('Connection aborted.', RemoteDisconnected('Remote end closed connection without response'))
ERROR: ('Connection aborted.', RemoteDisconnected('Remote end closed connection without response'))
ERROR: ('Connection aborted.', RemoteDisconnected('Remote end closed connection without response'))
ERROR: ('Connection aborted.', RemoteDisconnected('Remote end closed connection without response'))
ERROR: ('Connection aborted.', RemoteDisconnected('Remote end closed connection without response'))
ERROR: ('Connection aborted.', RemoteDisconnected('Remote end closed connection without response'))
ERROR: ('Connection aborted.', RemoteDisconnected('Remote end closed connection without response'))
ERROR: ('Connection aborted.', RemoteDisconnected('Remote end closed connection without response'))
ERROR: ('Connection aborted.', RemoteDisconnected('Remote end closed connection without response'))
ERROR: ('Connection aborted.', RemoteDisconnected('Remote end closed connection without response'))
ERROR: ('Connection aborted.', RemoteDisconnected('Remote end closed connection without response'))
ERROR: ('Connection aborted.', RemoteDisconnected('Remote end closed connection without response'))
ERROR: ('Connection aborted.', RemoteDisconnected('Remote end closed connection without response'))
ERROR: ('Connection aborted.', RemoteDisconnected('Remote end closed connection without response'))
ERROR: ('Connection aborted.', RemoteDisconnected('Remote end closed connection without response'))
ERROR: ('Connection aborted.', RemoteDisconnected('Remote end closed connection without response'))
ERROR: ('Connection aborted.', RemoteDisconnected('Remote end closed connection without response'))
ERROR: ('Connection aborted.', RemoteDisconnected('Remote end closed connection without response'))
ERROR: ('Connection aborted.', RemoteDisconnected('Remote end closed connection without response'))
ERROR: ('Connection aborted.', RemoteDisconnected('Remote end closed connection without response'))
ERROR: ('Connection aborted.', RemoteDisconnected('Remote end closed connection without response'))
ERROR: ('Connection aborted.', RemoteDisconnected('Remote end closed connection without response'))
ERROR: ('Connection aborted.', RemoteDisconnected('Remote end closed connection without response'))
ERROR: ('Connection aborted.', RemoteDisconnected('Remote end closed connection without response'))
ERROR: ('Connection aborted.', RemoteDisconnected('Remote end closed connection without response'))
ERROR: ('Connection aborted.', RemoteDisconnected('Remote end closed connection without response'))
ERROR: ('Connection aborted.', RemoteDisconnected('Remote end closed connection without response'))
ERROR: ('Connection aborted.', RemoteDisconnected('Remote end closed connection without response'))
ERROR: ('Connection aborted.', RemoteDisconnected('Remote end closed connection without response'))
ERROR: ('Connection aborted.', RemoteDisconnected('Remote end closed connection without response'))
ERROR: ('Connection aborted.', RemoteDisconnected('Remote end closed connection without response'))
ERROR: ('Connection aborted.', RemoteDisconnected('Remote end closed connection without response'))
ERROR: ('Connection aborted.', RemoteDisconnected('Remote end closed connection without response'))
ERROR: ('Connection aborted.', RemoteDisconnected('Remote end closed connection without response'))
ERROR: ('Connection aborted.', RemoteDisconnected('Remote end closed connection without response'))
ERROR: ('Connection aborted.', RemoteDisconnected('Remote end closed connection without response'))
ERROR: ('Connection aborted.', RemoteDisconnected('Remote end closed connection without response'))
ERROR: ('Connection aborted.', RemoteDisconnected('Remote end closed connection without response'))
ERROR: Could not find a suitable TLS CA certificate bundle, invalid path: /Users/bytedance/Documents/Projects/AlpacaTradingAgent/.venv/lib/python3.11/site-packages/certifi/cacert.pem
ERROR: Could not find a suitable TLS CA certificate bundle, invalid path: /Users/bytedance/Documents/Projects/AlpacaTradingAgent/.venv/lib/python3.11/site-packages/certifi/cacert.pem
ERROR: Could not find a suitable TLS CA certificate bundle, invalid path: /Users/bytedance/Documents/Projects/AlpacaTradingAgent/.venv/lib/python3.11/site-packages/certifi/cacert.pem
ERROR: Could not find a suitable TLS CA certificate bundle, invalid path: /Users/bytedance/Documents/Projects/AlpacaTradingAgent/.venv/lib/python3.11/site-packages/certifi/cacert.pem
ERROR: Could not find a suitable TLS CA certificate bundle, invalid path: /Users/bytedance/Documents/Projects/AlpacaTradingAgent/.venv/lib/python3.11/site-packages/certifi/cacert.pem
ERROR: Could not find a suitable TLS CA certificate bundle, invalid path: /Users/bytedance/Documents/Projects/AlpacaTradingAgent/.venv/lib/python3.11/site-packages/certifi/cacert.pem
ERROR: Could not find a suitable TLS CA certificate bundle, invalid path: /Users/bytedance/Documents/Projects/AlpacaTradingAgent/.venv/lib/python3.11/site-packages/certifi/cacert.pem
ERROR: Could not find a suitable TLS CA certificate bundle, invalid path: /Users/bytedance/Documents/Projects/AlpacaTradingAgent/.venv/lib/python3.11/site-packages/certifi/cacert.pem
ERROR: Could not find a suitable TLS CA certificate bundle, invalid path: /Users/bytedance/Documents/Projects/AlpacaTradingAgent/.venv/lib/python3.11/site-packages/certifi/cacert.pem
ERROR: Could not find a suitable TLS CA certificate bundle, invalid path: /Users/bytedance/Documents/Projects/AlpacaTradingAgent/.venv/lib/python3.11/site-packages/certifi/cacert.pem
ERROR: Could not find a suitable TLS CA certificate bundle, invalid path: /Users/bytedance/Documents/Projects/AlpacaTradingAgent/.venv/lib/python3.11/site-packages/certifi/cacert.pem
ERROR: Could not find a suitable TLS CA certificate bundle, invalid path: /Users/bytedance/Documents/Projects/AlpacaTradingAgent/.venv/lib/python3.11/site-packages/certifi/cacert.pem
ERROR: Could not find a suitable TLS CA certificate bundle, invalid path: /Users/bytedance/Documents/Projects/AlpacaTradingAgent/.venv/lib/python3.11/site-packages/certifi/cacert.pem
ERROR: Could not find a suitable TLS CA certificate bundle, invalid path: /Users/bytedance/Documents/Projects/AlpacaTradingAgent/.venv/lib/python3.11/site-packages/certifi/cacert.pem
ERROR: Could not find a suitable TLS CA certificate bundle, invalid path: /Users/bytedance/Documents/Projects/AlpacaTradingAgent/.venv/lib/python3.11/site-packages/certifi/cacert.pem
ERROR: Could not find a suitable TLS CA certificate bundle, invalid path: /Users/bytedance/Documents/Projects/AlpacaTradingAgent/.venv/lib/python3.11/site-packages/certifi/cacert.pem
ERROR: Could not find a suitable TLS CA certificate bundle, invalid path: /Users/bytedance/Documents/Projects/AlpacaTradingAgent/.venv/lib/python3.11/site-packages/certifi/cacert.pem
ERROR: Could not find a suitable TLS CA certificate bundle, invalid path: /Users/bytedance/Documents/Projects/AlpacaTradingAgent/.venv/lib/python3.11/site-packages/certifi/cacert.pem
ERROR: Could not find a suitable TLS CA certificate bundle, invalid path: /Users/bytedance/Documents/Projects/AlpacaTradingAgent/.venv/lib/python3.11/site-packages/certifi/cacert.pem
ERROR: Could not find a suitable TLS CA certificate bundle, invalid path: /Users/bytedance/Documents/Projects/AlpacaTradingAgent/.venv/lib/python3.11/site-packages/certifi/cacert.pem
ERROR: Could not find a suitable TLS CA certificate bundle, invalid path: /Users/bytedance/Documents/Projects/AlpacaTradingAgent/.venv/lib/python3.11/site-packages/certifi/cacert.pem
ERROR: Could not find a suitable TLS CA certificate bundle, invalid path: /Users/bytedance/Documents/Projects/AlpacaTradingAgent/.venv/lib/python3.11/site-packages/certifi/cacert.pem
ERROR: Could not find a suitable TLS CA certificate bundle, invalid path: /Users/bytedance/Documents/Projects/AlpacaTradingAgent/.venv/lib/python3.11/site-packages/certifi/cacert.pem
ERROR: Could not find a suitable TLS CA certificate bundle, invalid path: /Users/bytedance/Documents/Projects/AlpacaTradingAgent/.venv/lib/python3.11/site-packages/certifi/cacert.pem
ERROR: Could not find a suitable TLS CA certificate bundle, invalid path: /Users/bytedance/Documents/Projects/AlpacaTradingAgent/.venv/lib/python3.11/site-packages/certifi/cacert.pem
ERROR: Could not find a suitable TLS CA certificate bundle, invalid path: /Users/bytedance/Documents/Projects/AlpacaTradingAgent/.venv/lib/python3.11/site-packages/certifi/cacert.pem
ERROR: Could not find a suitable TLS CA certificate bundle, invalid path: /Users/bytedance/Documents/Projects/AlpacaTradingAgent/.venv/lib/python3.11/site-packages/certifi/cacert.pem
ERROR: Could not find a suitable TLS CA certificate bundle, invalid path: /Users/bytedance/Documents/Projects/AlpacaTradingAgent/.venv/lib/python3.11/site-packages/certifi/cacert.pem
ERROR: Could not find a suitable TLS CA certificate bundle, invalid path: /Users/bytedance/Documents/Projects/AlpacaTradingAgent/.venv/lib/python3.11/site-packages/certifi/cacert.pem
ERROR: Could not find a suitable TLS CA certificate bundle, invalid path: /Users/bytedance/Documents/Projects/AlpacaTradingAgent/.venv/lib/python3.11/site-packages/certifi/cacert.pem
ERROR: Could not find a suitable TLS CA certificate bundle, invalid path: /Users/bytedance/Documents/Projects/AlpacaTradingAgent/.venv/lib/python3.11/site-packages/certifi/cacert.pem
ERROR: Could not find a suitable TLS CA certificate bundle, invalid path: /Users/bytedance/Documents/Projects/AlpacaTradingAgent/.venv/lib/python3.11/site-packages/certifi/cacert.pem
ERROR: Could not find a suitable TLS CA certificate bundle, invalid path: /Users/bytedance/Documents/Projects/AlpacaTradingAgent/.venv/lib/python3.11/site-packages/certifi/cacert.pem
ERROR: Could not find a suitable TLS CA certificate bundle, invalid path: /Users/bytedance/Documents/Projects/AlpacaTradingAgent/.venv/lib/python3.11/site-packages/certifi/cacert.pem
ERROR: Could not find a suitable TLS CA certificate bundle, invalid path: /Users/bytedance/Documents/Projects/AlpacaTradingAgent/.venv/lib/python3.11/site-packages/certifi/cacert.pem
ERROR: Could not find a suitable TLS CA certificate bundle, invalid path: /Users/bytedance/Documents/Projects/AlpacaTradingAgent/.venv/lib/python3.11/site-packages/certifi/cacert.pem
ERROR: Could not find a suitable TLS CA certificate bundle, invalid path: /Users/bytedance/Documents/Projects/AlpacaTradingAgent/.venv/lib/python3.11/site-packages/certifi/cacert.pem
ERROR: Could not find a suitable TLS CA certificate bundle, invalid path: /Users/bytedance/Documents/Projects/AlpacaTradingAgent/.venv/lib/python3.11/site-packages/certifi/cacert.pem
ERROR: ('Connection aborted.', RemoteDisconnected('Remote end closed connection without response'))
ERROR: ('Connection aborted.', RemoteDisconnected('Remote end closed connection without response'))
ERROR: ('Connection aborted.', RemoteDisconnected('Remote end closed connection without response'))
ERROR: ('Connection aborted.', RemoteDisconnected('Remote end closed connection without response'))
ERROR: ('Connection aborted.', RemoteDisconnected('Remote end closed connection without response'))
ERROR: ('Connection aborted.', RemoteDisconnected('Remote end closed connection without response'))
ERROR: ('Connection aborted.', RemoteDisconnected('Remote end closed connection without response'))
ERROR: ('Connection aborted.', RemoteDisconnected('Remote end closed connection without response'))
ERROR: ('Connection aborted.', RemoteDisconnected('Remote end closed connection without response'))
ERROR: ('Connection aborted.', RemoteDisconnected('Remote end closed connection without response'))
ERROR: ('Connection aborted.', RemoteDisconnected('Remote end closed connection without response'))
ERROR: ('Connection aborted.', RemoteDisconnected('Remote end closed connection without response'))
ERROR: ('Connection aborted.', RemoteDisconnected('Remote end closed connection without response'))
ERROR: HTTPSConnectionPool(host='data.alpaca.markets', port=443): Max retries exceeded with url: /v2/stocks/bars?start=2025-10-05T08%3A13%3A46.480043%2B00%3A00&end=2025-10-05T10%3A13%3A46.480043%2B00%3A00&limit=500&timeframe=1Min&adjustment=raw&feed=iex&symbols=AAPL (Caused by NewConnectionError('<urllib3.connection.VerifiedHTTPSConnection object at 0x107ad1490>: Failed to establish a new connection: [Errno 8] nodename nor servname provided, or not known'))
ERROR: ('Connection aborted.', RemoteDisconnected('Remote end closed connection without response'))
ERROR: ('Connection aborted.', RemoteDisconnected('Remote end closed connection without response'))
ERROR: ('Connection aborted.', RemoteDisconnected('Remote end closed connection without response'))
ERROR: ('Connection aborted.', RemoteDisconnected('Remote end closed connection without response'))
ERROR: ('Connection aborted.', RemoteDisconnected('Remote end closed connection without response'))
ERROR: ('Connection aborted.', RemoteDisconnected('Remote end closed connection without response'))
ERROR: ('Connection aborted.', RemoteDisconnected('Remote end closed connection without response'))
ERROR: ('Connection aborted.', RemoteDisconnected('Remote end closed connection without response'))
ERROR: ('Connection aborted.', RemoteDisconnected('Remote end closed connection without response'))
ERROR: ('Connection aborted.', RemoteDisconnected('Remote end closed connection without response'))
ERROR: ('Connection aborted.', RemoteDisconnected('Remote end closed connection without response'))
ERROR: ('Connection aborted.', RemoteDisconnected('Remote end closed connection without response'))
ERROR: ('Connection aborted.', RemoteDisconnected('Remote end closed connection without response'))
ERROR: ('Connection aborted.', RemoteDisconnected('Remote end closed connection without response'))
ERROR: ('Connection aborted.', RemoteDisconnected('Remote end closed connection without response'))
ERROR: ('Connection aborted.', RemoteDisconnected('Remote end closed connection without response'))
ERROR: ('Connection aborted.', RemoteDisconnected('Remote end closed connection without response'))
ERROR: ('Connection aborted.', RemoteDisconnected('Remote end closed connection without response'))
ERROR: ('Connection aborted.', RemoteDisconnected('Remote end closed connection without response'))
ERROR: ('Connection aborted.', RemoteDisconnected('Remote end closed connection without response'))
ERROR: ('Connection aborted.', RemoteDisconnected('Remote end closed connection without response'))
ERROR: ('Connection aborted.', RemoteDisconnected('Remote end closed connection without response'))
ERROR: ('Connection aborted.', RemoteDisconnected('Remote end closed connection without response'))
ERROR: ('Connection aborted.', RemoteDisconnected('Remote end closed connection without response'))
ERROR: ('Connection aborted.', RemoteDisconnected('Remote end closed connection without response'))
ERROR: ('Connection aborted.', RemoteDisconnected('Remote end closed connection without response'))
ERROR: ('Connection aborted.', RemoteDisconnected('Remote end closed connection without response'))
ERROR: ('Connection aborted.', RemoteDisconnected('Remote end closed connection without response'))
ERROR: ('Connection aborted.', RemoteDisconnected('Remote end closed connection without response'))
ERROR: ('Connection aborted.', RemoteDisconnected('Remote end closed connection without response'))
ERROR: ('Connection aborted.', RemoteDisconnected('Remote end closed connection without response'))
ERROR: ('Connection aborted.', RemoteDisconnected('Remote end closed connection without response'))
ERROR: ('Connection aborted.', RemoteDisconnected('Remote end closed connection without response'))
ERROR: ('Connection aborted.', RemoteDisconnected('Remote end closed connection without response'))
ERROR: ('Connection aborted.', RemoteDisconnected('Remote end closed connection without response'))
ERROR: ('Connection aborted.', RemoteDisconnected('Remote end closed connection without response'))
ERROR: ('Connection aborted.', RemoteDisconnected('Remote end closed connection without response'))
ERROR: ('Connection aborted.', RemoteDisconnected('Remote end closed connection without response'))
ERROR: ('Connection aborted.', RemoteDisconnected('Remote end closed connection without response'))
ERROR: ('Connection aborted.', RemoteDisconnected('Remote end closed connection without response'))
ERROR: ('Connection aborted.', RemoteDisconnected('Remote end closed connection without response'))
ERROR: ('Connection aborted.', RemoteDisconnected('Remote end closed connection without response'))
ERROR: ('Connection aborted.', RemoteDisconnected('Remote end closed connection without response'))
ERROR: ('Connection aborted.', RemoteDisconnected('Remote end closed connection without response'))
ERROR: ('Connection aborted.', RemoteDisconnected('Remote end closed connection without response'))
ERROR: ('Connection aborted.', RemoteDisconnected('Remote end closed connection without response'))
ERROR: ('Connection aborted.', RemoteDisconnected('Remote end closed connection without response'))
ERROR: ('Connection aborted.', RemoteDisconnected('Remote end closed connection without response'))
ERROR: ('Connection aborted.', RemoteDisconnected('Remote end closed connection without response'))
ERROR: ('Connection aborted.', RemoteDisconnected('Remote end closed connection without response'))
ERROR: ('Connection aborted.', RemoteDisconnected('Remote end closed connection without response'))
ERROR: ('Connection aborted.', RemoteDisconnected('Remote end closed connection without response'))
ERROR: ('Connection aborted.', RemoteDisconnected('Remote end closed connection without response'))
ERROR: ('Connection aborted.', RemoteDisconnected('Remote end closed connection without response'))
ERROR: ('Connection aborted.', RemoteDisconnected('Remote end closed connection without response'))
ERROR: ('Connection aborted.', RemoteDisconnected('Remote end closed connection without response'))
ERROR: ('Connection aborted.', RemoteDisconnected('Remote end closed connection without response'))
ERROR: ('Connection aborted.', RemoteDisconnected('Remote end closed connection without response'))
ERROR: ('Connection aborted.', RemoteDisconnected('Remote end closed connection without response'))
ERROR: ('Connection aborted.', RemoteDisconnected('Remote end closed connection without response'))
ERROR: ('Connection aborted.', RemoteDisconnected('Remote end closed connection without response'))
ERROR: ('Connection aborted.', RemoteDisconnected('Remote end closed connection without response'))
ERROR: ('Connection aborted.', RemoteDisconnected('Remote end closed connection without response'))
ERROR: ('Connection aborted.', RemoteDisconnected('Remote end closed connection without response'))
ERROR: ('Connection aborted.', RemoteDisconnected('Remote end closed connection without response'))
ERROR: ('Connection aborted.', RemoteDisconnected('Remote end closed connection without response'))
ERROR: ('Connection aborted.', RemoteDisconnected('Remote end closed connection without response'))
ERROR: ('Connection aborted.', RemoteDisconnected('Remote end closed connection without response'))
ERROR: ('Connection aborted.', RemoteDisconnected('Remote end closed connection without response'))
ERROR: ('Connection aborted.', RemoteDisconnected('Remote end closed connection without response'))
ERROR: ('Connection aborted.', RemoteDisconnected('Remote end closed connection without response'))
ERROR: ('Connection aborted.', RemoteDisconnected('Remote end closed connection without response'))
ERROR: ('Connection aborted.', RemoteDisconnected('Remote end closed connection without response'))
ERROR: ('Connection aborted.', RemoteDisconnected('Remote end closed connection without response'))
ERROR: ('Connection aborted.', RemoteDisconnected('Remote end closed connection without response'))
ERROR: ('Connection aborted.', RemoteDisconnected('Remote end closed connection without response'))
ERROR: ('Connection aborted.', RemoteDisconnected('Remote end closed connection without response'))
ERROR: ('Connection aborted.', RemoteDisconnected('Remote end closed connection without response'))
ERROR: ('Connection aborted.', RemoteDisconnected('Remote end closed connection without response'))
ERROR: ('Connection aborted.', RemoteDisconnected('Remote end closed connection without response'))
ERROR: ('Connection aborted.', RemoteDisconnected('Remote end closed connection without response'))
ERROR: ('Connection aborted.', RemoteDisconnected('Remote end closed connection without response'))
ERROR: ('Connection aborted.', RemoteDisconnected('Remote end closed connection without response'))
ERROR: ('Connection aborted.', RemoteDisconnected('Remote end closed connection without response'))
ERROR: ('Connection aborted.', RemoteDisconnected('Remote end closed connection without response'))
ERROR: ('Connection aborted.', RemoteDisconnected('Remote end closed connection without response'))
ERROR: ('Connection aborted.', RemoteDisconnected('Remote end closed connection without response'))
ERROR: ('Connection aborted.', RemoteDisconnected('Remote end closed connection without response'))
ERROR: ('Connection aborted.', RemoteDisconnected('Remote end closed connection without response'))
ERROR: ('Connection aborted.', RemoteDisconnected('Remote end closed connection without response'))
ERROR: ('Connection aborted.', RemoteDisconnected('Remote end closed connection without response'))
ERROR: ('Connection aborted.', RemoteDisconnected('Remote end closed connection without response'))
ERROR: ('Connection aborted.', RemoteDisconnected('Remote end closed connection without response'))
ERROR: ('Connection aborted.', RemoteDisconnected('Remote end closed connection without response'))
ERROR: HTTPSConnectionPool(host='data.alpaca.markets', port=443): Read timed out. (read timeout=None)
ERROR: ('Connection aborted.', RemoteDisconnected('Remote end closed connection without response'))
ERROR: ('Connection aborted.', RemoteDisconnected('Remote end closed connection without response'))
ERROR: ('Connection aborted.', RemoteDisconnected('Remote end closed connection without response'))
ERROR: HTTPSConnectionPool(host='data.alpaca.markets', port=443): Max retries exceeded with url: /v2/stocks/bars?start=2025-10-06T22%3A57%3A21.541466%2B00%3A00&end=2025-10-07T00%3A57%3A21.541466%2B00%3A00&limit=500&timeframe=1Min&adjustment=raw&feed=iex&symbols=AAPL (Caused by NewConnectionError('<urllib3.connection.VerifiedHTTPSConnection object at 0x107ae76d0>: Failed to establish a new connection: [Errno 8] nodename nor servname provided, or not known'))
ERROR: ('Connection aborted.', RemoteDisconnected('Remote end closed connection without response'))
ERROR: ('Connection aborted.', RemoteDisconnected('Remote end closed connection without response'))
ERROR: ('Connection aborted.', RemoteDisconnected('Remote end closed connection without response'))
ERROR: ('Connection aborted.', RemoteDisconnected('Remote end closed connection without response'))
ERROR: ('Connection aborted.', RemoteDisconnected('Remote end closed connection without response'))
ERROR: ('Connection aborted.', RemoteDisconnected('Remote end closed connection without response'))
ERROR: ('Connection aborted.', RemoteDisconnected('Remote end closed connection without response'))
ERROR: ('Connection aborted.', RemoteDisconnected('Remote end closed connection without response'))
ERROR: ('Connection aborted.', RemoteDisconnected('Remote end closed connection without response'))
ERROR: ('Connection aborted.', RemoteDisconnected('Remote end closed connection without response'))
ERROR: ('Connection aborted.', RemoteDisconnected('Remote end closed connection without response'))
ERROR: ('Connection aborted.', RemoteDisconnected('Remote end closed connection without response'))
ERROR: ('Connection aborted.', RemoteDisconnected('Remote end closed connection without response'))
ERROR: ('Connection aborted.', RemoteDisconnected('Remote end closed connection without response'))
ERROR: ('Connection aborted.', RemoteDisconnected('Remote end closed connection without response'))
ERROR: ('Connection aborted.', RemoteDisconnected('Remote end closed connection without response'))
ERROR: ('Connection aborted.', RemoteDisconnected('Remote end closed connection without response'))
ERROR: ('Connection aborted.', RemoteDisconnected('Remote end closed connection without response'))
ERROR: ('Connection aborted.', RemoteDisconnected('Remote end closed connection without response'))
ERROR: ('Connection aborted.', RemoteDisconnected('Remote end closed connection without response'))
ERROR: ('Connection aborted.', RemoteDisconnected('Remote end closed connection without response'))
ERROR: ('Connection aborted.', RemoteDisconnected('Remote end closed connection without response'))
ERROR: ('Connection aborted.', RemoteDisconnected('Remote end closed connection without response'))
ERROR: ('Connection aborted.', RemoteDisconnected('Remote end closed connection without response'))
ERROR: ('Connection aborted.', RemoteDisconnected('Remote end closed connection without response'))
ERROR: ('Connection aborted.', RemoteDisconnected('Remote end closed connection without response'))
ERROR: ('Connection aborted.', RemoteDisconnected('Remote end closed connection without response'))
ERROR: ('Connection aborted.', RemoteDisconnected('Remote end closed connection without response'))
ERROR: ('Connection aborted.', RemoteDisconnected('Remote end closed connection without response'))
ERROR: ('Connection aborted.', RemoteDisconnected('Remote end closed connection without response'))